[0m[1mbun install [0m[2mv1.3.9 (cf6cdbbb)[0m

-- BEGIN SHA512/256(`${alphabetize(name)}@${order(version)}`) --
@acemir/cssom@0.9.31
@alloc/quick-lru@5.2.0
@apideck/better-ajv-errors@0.3.7
@asamuzakjp/css-color@5.1.11
@asamuzakjp/dom-selector@6.8.1
@asamuzakjp/dom-selector@7.1.1
@asamuzakjp/generational-cache@1.0.1
@asamuzakjp/nwsapi@2.3.9
@babel/code-frame@7.26.2
@babel/code-frame@7.29.0
@babel/compat-data@7.29.0
@babel/core@7.29.0
@babel/generator@7.29.1
@babel/generator@8.0.0-rc.3
@babel/helper-annotate-as-pure@7.27.3
@babel/helper-compilation-targets@7.28.6
@babel/helper-create-class-features-plugin@7.28.6
@babel/helper-create-regexp-features-plugin@7.28.5
@babel/helper-define-polyfill-provider@0.6.8
@babel/helper-globals@7.28.0
@babel/helper-member-expression-to-functions@7.28.5
@babel/helper-module-imports@7.28.6
@babel/helper-module-transforms@7.28.6
@babel/helper-optimise-call-expression@7.27.1
@babel/helper-plugin-utils@7.28.6
@babel/helper-remap-async-to-generator@7.27.1
@babel/helper-replace-supers@7.28.6
@babel/helper-skip-transparent-expression-wrappers@7.27.1
@babel/helper-string-parser@7.27.1
@babel/helper-string-parser@8.0.0-rc.3
@babel/helper-validator-identifier@7.28.5
@babel/helper-validator-identifier@8.0.0-rc.3
@babel/helper-validator-option@7.27.1
@babel/helper-wrap-function@7.28.6
@babel/helpers@7.29.2
@babel/parser@7.29.2
@babel/parser@8.0.0-rc.3
@babel/plugin-bugfix-firefox-class-in-computed-class-key@7.28.5
@babel/plugin-bugfix-safari-class-field-initializer-scope@7.27.1
@babel/plugin-bugfix-safari-id-destructuring-collision-in-function-expression@7.27.1
@babel/plugin-bugfix-v8-spread-parameters-in-optional-chaining@7.27.1
@babel/plugin-bugfix-v8-static-class-fields-redefine-readonly@7.28.6
@babel/plugin-proposal-decorators@7.29.0
@babel/plugin-proposal-private-property-in-object@7.21.0-placeholder-for-preset-env.2
@babel/plugin-syntax-decorators@7.28.6
@babel/plugin-syntax-import-assertions@7.28.6
@babel/plugin-syntax-import-attributes@7.28.6
@babel/plugin-syntax-jsx@7.28.6
@babel/plugin-syntax-typescript@7.28.6
@babel/plugin-syntax-unicode-sets-regex@7.18.6
@babel/plugin-transform-arrow-functions@7.27.1
@babel/plugin-transform-async-generator-functions@7.29.0
@babel/plugin-transform-async-to-generator@7.28.6
@babel/plugin-transform-block-scoped-functions@7.27.1
@babel/plugin-transform-block-scoping@7.28.6
@babel/plugin-transform-class-properties@7.28.6
@babel/plugin-transform-class-static-block@7.28.6
@babel/plugin-transform-classes@7.28.6
@babel/plugin-transform-computed-properties@7.28.6
@babel/plugin-transform-destructuring@7.28.5
@babel/plugin-transform-dotall-regex@7.28.6
@babel/plugin-transform-duplicate-keys@7.27.1
@babel/plugin-transform-duplicate-named-capturing-groups-regex@7.29.0
@babel/plugin-transform-dynamic-import@7.27.1
@babel/plugin-transform-explicit-resource-management@7.28.6
@babel/plugin-transform-exponentiation-operator@7.28.6
@babel/plugin-transform-export-namespace-from@7.27.1
@babel/plugin-transform-for-of@7.27.1
@babel/plugin-transform-function-name@7.27.1
@babel/plugin-transform-json-strings@7.28.6
@babel/plugin-transform-literals@7.27.1
@babel/plugin-transform-logical-assignment-operators@7.28.6
@babel/plugin-transform-member-expression-literals@7.27.1
@babel/plugin-transform-modules-amd@7.27.1
@babel/plugin-transform-modules-commonjs@7.28.6
@babel/plugin-transform-modules-systemjs@7.29.0
@babel/plugin-transform-modules-umd@7.27.1
@babel/plugin-transform-named-capturing-groups-regex@7.29.0
@babel/plugin-transform-new-target@7.27.1
@babel/plugin-transform-nullish-coalescing-operator@7.28.6
@babel/plugin-transform-numeric-separator@7.28.6
@babel/plugin-transform-object-rest-spread@7.28.6
@babel/plugin-transform-object-super@7.27.1
@babel/plugin-transform-optional-catch-binding@7.28.6
@babel/plugin-transform-optional-chaining@7.28.6
@babel/plugin-transform-parameters@7.27.7
@babel/plugin-transform-private-methods@7.28.6
@babel/plugin-transform-private-property-in-object@7.28.6
@babel/plugin-transform-property-literals@7.27.1
@babel/plugin-transform-react-constant-elements@7.27.1
@babel/plugin-transform-react-display-name@7.28.0
@babel/plugin-transform-react-jsx@7.28.6
@babel/plugin-transform-react-jsx-development@7.27.1
@babel/plugin-transform-react-jsx-self@7.27.1
@babel/plugin-transform-react-jsx-source@7.27.1
@babel/plugin-transform-react-pure-annotations@7.27.1
@babel/plugin-transform-regenerator@7.29.0
@babel/plugin-transform-regexp-modifiers@7.28.6
@babel/plugin-transform-reserved-words@7.27.1
@babel/plugin-transform-runtime@7.29.0
@babel/plugin-transform-shorthand-properties@7.27.1
@babel/plugin-transform-spread@7.28.6
@babel/plugin-transform-sticky-regex@7.27.1
@babel/plugin-transform-template-literals@7.27.1
@babel/plugin-transform-typeof-symbol@7.27.1
@babel/plugin-transform-typescript@7.28.6
@babel/plugin-transform-unicode-escapes@7.27.1
@babel/plugin-transform-unicode-property-regex@7.28.6
@babel/plugin-transform-unicode-regex@7.27.1
@babel/plugin-transform-unicode-sets-regex@7.28.6
@babel/preset-env@7.29.2
@babel/preset-modules@0.1.6-no-external-plugins
@babel/preset-react@7.28.5
@babel/preset-typescript@7.28.5
@babel/runtime@7.29.2
@babel/template@7.28.6
@babel/traverse@7.29.0
@babel/types@7.29.0
@babel/types@8.0.0-rc.3
@base-ui/react@1.4.1
@base-ui/utils@0.2.8
@bcoe/v8-coverage@1.0.2
@borewit/text-codec@0.2.2
@bramus/specificity@2.4.2
@colordx/core@5.3.0
@csstools/color-helpers@6.0.2
@csstools/css-calc@3.2.0
@csstools/css-color-parser@4.1.0
@csstools/css-parser-algorithms@4.0.0
@csstools/css-syntax-patches-for-csstree@1.1.3
@csstools/css-tokenizer@4.0.0
@date-fns/tz@1.4.1
@dimforge/rapier3d-compat@0.12.0
@dnd-kit/accessibility@3.1.1
@dnd-kit/core@6.3.1
@dnd-kit/modifiers@9.0.0
@dnd-kit/sortable@10.0.0
@dnd-kit/utilities@3.2.2
@electron/get@2.0.3
@emnapi/core@1.10.0
@emnapi/runtime@1.10.0
@emnapi/wasi-threads@1.2.1
@esbuild-plugins/node-globals-polyfill@0.2.3
@esbuild/aix-ppc64@0.27.7
@esbuild/android-arm@0.27.7
@esbuild/android-arm64@0.27.7
@esbuild/android-x64@0.27.7
@esbuild/darwin-arm64@0.27.7
@esbuild/darwin-x64@0.27.7
@esbuild/freebsd-arm64@0.27.7
@esbuild/freebsd-x64@0.27.7
@esbuild/linux-arm@0.27.7
@esbuild/linux-arm64@0.27.7
@esbuild/linux-ia32@0.27.7
@esbuild/linux-loong64@0.27.7
@esbuild/linux-mips64el@0.27.7
@esbuild/linux-ppc64@0.27.7
@esbuild/linux-riscv64@0.27.7
@esbuild/linux-s390x@0.27.7
@esbuild/linux-x64@0.27.7
@esbuild/netbsd-arm64@0.27.7
@esbuild/netbsd-x64@0.27.7
@esbuild/openbsd-arm64@0.27.7
@esbuild/openbsd-x64@0.27.7
@esbuild/openharmony-arm64@0.27.7
@esbuild/sunos-x64@0.27.7
@esbuild/win32-arm64@0.27.7
@esbuild/win32-ia32@0.27.7
@esbuild/win32-x64@0.27.7
@eslint-community/eslint-utils@4.9.1
@eslint-community/regexpp@4.12.2
@eslint/config-array@0.21.2
@eslint/config-helpers@0.4.2
@eslint/core@0.17.0
@eslint/core@1.2.1
@eslint/eslintrc@3.3.5
@eslint/js@9.39.4
@eslint/object-schema@2.1.7
@eslint/plugin-kit@0.4.1
@eslint/plugin-kit@0.6.1
@exodus/bytes@1.15.0
@floating-ui/core@1.7.5
@floating-ui/dom@1.7.6
@floating-ui/react-dom@2.1.8
@floating-ui/utils@0.2.11
@fvilers/disable-react-devtools@1.3.0
@googlemaps/js-api-loader@1.16.8
@googlemaps/markerclusterer@2.5.3
@hongzhiyuan/preact@10.28.0-fc4af453
@hookform/resolvers@5.2.2
@humanfs/core@0.19.2
@humanfs/node@0.16.8
@humanfs/types@0.15.0
@humanwhocodes/module-importer@1.0.1
@humanwhocodes/retry@0.4.3
@inquirer/external-editor@1.0.3
@inquirer/figures@1.0.15
@internationalized/date@3.12.1
@internationalized/number@3.6.6
@internationalized/string@3.2.8
@isaacs/cliui@9.0.0
@isaacs/fs-minipass@4.0.1
@jest/diff-sequences@30.3.0
@jest/get-type@30.1.0
@jest/schemas@29.6.3
@jest/schemas@30.0.5
@jest/types@29.6.3
@jridgewell/gen-mapping@0.3.13
@jridgewell/remapping@2.3.5
@jridgewell/resolve-uri@3.1.2
@jridgewell/source-map@0.3.11
@jridgewell/sourcemap-codec@1.5.5
@jridgewell/trace-mapping@0.3.31
@jsonjoy.com/base64@1.1.2
@jsonjoy.com/base64@17.67.0
@jsonjoy.com/buffers@1.2.1
@jsonjoy.com/buffers@17.67.0
@jsonjoy.com/codegen@1.0.0
@jsonjoy.com/codegen@17.67.0
@jsonjoy.com/fs-core@4.57.2
@jsonjoy.com/fs-fsa@4.57.2
@jsonjoy.com/fs-node@4.57.2
@jsonjoy.com/fs-node-builtins@4.57.2
@jsonjoy.com/fs-node-to-fsa@4.57.2
@jsonjoy.com/fs-node-utils@4.57.2
@jsonjoy.com/fs-print@4.57.2
@jsonjoy.com/fs-snapshot@4.57.2
@jsonjoy.com/json-pack@1.21.0
@jsonjoy.com/json-pack@17.67.0
@jsonjoy.com/json-pointer@1.0.2
@jsonjoy.com/json-pointer@17.67.0
@jsonjoy.com/util@1.9.0
@jsonjoy.com/util@17.67.0
@jsquash/jpeg@1.6.0
@jsquash/resize@2.1.1
@lynx-js/cache-events-webpack-plugin@0.0.3
@lynx-js/chunk-loading-webpack-plugin@0.3.3
@lynx-js/css-extract-webpack-plugin@0.7.0
@lynx-js/css-serializer@0.1.4
@lynx-js/preact-devtools@5.0.1
@lynx-js/qrcode-rsbuild-plugin@0.4.6
@lynx-js/react@0.116.5
@lynx-js/react-alias-rsbuild-plugin@0.12.10
@lynx-js/react-refresh-webpack-plugin@0.3.4
@lynx-js/react-rsbuild-plugin@0.12.10
@lynx-js/react-webpack-plugin@0.7.4
@lynx-js/rspeedy@0.13.6
@lynx-js/runtime-wrapper-webpack-plugin@0.1.3
@lynx-js/tasm@0.0.26
@lynx-js/template-webpack-plugin@0.10.5
@lynx-js/types@3.7.0
@lynx-js/use-sync-external-store@1.5.0
@lynx-js/web-core-wasm@0.0.5
@lynx-js/web-elements@0.12.0
@lynx-js/web-rsbuild-server-middleware@0.19.9
@lynx-js/web-worker-rpc@0.19.8
@lynx-js/webpack-dev-transport@0.2.0
@lynx-js/webpack-runtime-globals@0.0.6
@lynx-js/websocket@0.0.4
@mediapipe/tasks-vision@0.10.17
@microsoft/api-extractor@7.58.7
@microsoft/api-extractor-model@7.33.8
@microsoft/tsdoc@0.16.0
@microsoft/tsdoc-config@0.18.1
@module-federation/bridge-react-webpack-plugin@2.3.3
@module-federation/cli@2.3.3
@module-federation/data-prefetch@2.3.3
@module-federation/dts-plugin@2.3.3
@module-federation/enhanced@2.3.3
@module-federation/error-codes@0.21.6
@module-federation/error-codes@0.22.0
@module-federation/error-codes@2.3.3
@module-federation/inject-external-runtime-core-plugin@2.3.3
@module-federation/managers@2.3.3
@module-federation/manifest@2.3.3
@module-federation/node@2.7.41
@module-federation/rspack@2.3.3
@module-federation/runtime@0.21.6
@module-federation/runtime@0.22.0
@module-federation/runtime@2.3.3
@module-federation/runtime-core@0.21.6
@module-federation/runtime-core@0.22.0
@module-federation/runtime-core@2.3.3
@module-federation/runtime-tools@0.21.6
@module-federation/runtime-tools@0.22.0
@module-federation/runtime-tools@2.3.3
@module-federation/sdk@0.21.6
@module-federation/sdk@0.22.0
@module-federation/sdk@2.3.3
@module-federation/third-party-dts-extractor@2.3.3
@module-federation/webpack-bundler-runtime@0.21.6
@module-federation/webpack-bundler-runtime@0.22.0
@module-federation/webpack-bundler-runtime@2.3.3
@monogrid/gainmap-js@3.4.0
@napi-rs/nice@1.1.1
@napi-rs/nice-android-arm-eabi@1.1.1
@napi-rs/nice-android-arm64@1.1.1
@napi-rs/nice-darwin-arm64@1.1.1
@napi-rs/nice-darwin-x64@1.1.1
@napi-rs/nice-freebsd-x64@1.1.1
@napi-rs/nice-linux-arm-gnueabihf@1.1.1
@napi-rs/nice-linux-arm64-gnu@1.1.1
@napi-rs/nice-linux-arm64-musl@1.1.1
@napi-rs/nice-linux-ppc64-gnu@1.1.1
@napi-rs/nice-linux-riscv64-gnu@1.1.1
@napi-rs/nice-linux-s390x-gnu@1.1.1
@napi-rs/nice-linux-x64-gnu@1.1.1
@napi-rs/nice-linux-x64-musl@1.1.1
@napi-rs/nice-openharmony-arm64@1.1.1
@napi-rs/nice-win32-arm64-msvc@1.1.1
@napi-rs/nice-win32-ia32-msvc@1.1.1
@napi-rs/nice-win32-x64-msvc@1.1.1
@napi-rs/wasm-runtime@0.2.4
@napi-rs/wasm-runtime@0.2.12
@napi-rs/wasm-runtime@1.0.7
@napi-rs/wasm-runtime@1.1.4
@nodelib/fs.scandir@2.1.5
@nodelib/fs.stat@2.0.5
@nodelib/fs.walk@1.2.8
@nx/devkit@22.6.5
@nx/eslint@22.6.5
@nx/eslint-plugin@22.6.5
@nx/js@22.6.5
@nx/module-federation@22.6.5
@nx/nx-darwin-arm64@22.6.5
@nx/nx-darwin-x64@22.6.5
@nx/nx-freebsd-x64@22.6.5
@nx/nx-linux-arm-gnueabihf@22.6.5
@nx/nx-linux-arm64-gnu@22.6.5
@nx/nx-linux-arm64-musl@22.6.5
@nx/nx-linux-x64-gnu@22.6.5
@nx/nx-linux-x64-musl@22.6.5
@nx/nx-win32-arm64-msvc@22.6.5
@nx/nx-win32-x64-msvc@22.6.5
@nx/playwright@22.6.5
@nx/react@22.6.5
@nx/rollup@22.6.5
@nx/vite@22.6.5
@nx/vitest@22.6.5
@nx/web@22.6.5
@nx/workspace@22.6.5
@oxc-resolver/binding-android-arm-eabi@11.19.1
@oxc-resolver/binding-android-arm64@11.19.1
@oxc-resolver/binding-darwin-arm64@11.19.1
@oxc-resolver/binding-darwin-x64@11.19.1
@oxc-resolver/binding-freebsd-x64@11.19.1
@oxc-resolver/binding-linux-arm-gnueabihf@11.19.1
@oxc-resolver/binding-linux-arm-musleabihf@11.19.1
@oxc-resolver/binding-linux-arm64-gnu@11.19.1
@oxc-resolver/binding-linux-arm64-musl@11.19.1
@oxc-resolver/binding-linux-ppc64-gnu@11.19.1
@oxc-resolver/binding-linux-riscv64-gnu@11.19.1
@oxc-resolver/binding-linux-riscv64-musl@11.19.1
@oxc-resolver/binding-linux-s390x-gnu@11.19.1
@oxc-resolver/binding-linux-x64-gnu@11.19.1
@oxc-resolver/binding-linux-x64-musl@11.19.1
@oxc-resolver/binding-openharmony-arm64@11.19.1
@oxc-resolver/binding-wasm32-wasi@11.19.1
@oxc-resolver/binding-win32-arm64-msvc@11.19.1
@oxc-resolver/binding-win32-ia32-msvc@11.19.1
@oxc-resolver/binding-win32-x64-msvc@11.19.1
@phenomnomnominal/tsquery@6.1.4
@playwright/test@1.59.1
@polka/url@1.0.0-next.29
@radix-ui/number@1.1.1
@radix-ui/primitive@1.1.3
@radix-ui/react-accessible-icon@1.1.7
@radix-ui/react-accordion@1.2.12
@radix-ui/react-alert-dialog@1.1.15
@radix-ui/react-arrow@1.1.7
@radix-ui/react-aspect-ratio@1.1.7
@radix-ui/react-aspect-ratio@1.1.8
@radix-ui/react-avatar@1.1.10
@radix-ui/react-avatar@1.1.11
@radix-ui/react-checkbox@1.3.3
@radix-ui/react-collapsible@1.1.12
@radix-ui/react-collection@1.1.7
@radix-ui/react-compose-refs@1.1.2
@radix-ui/react-context@1.1.2
@radix-ui/react-context@1.1.3
@radix-ui/react-context-menu@2.2.16
@radix-ui/react-dialog@1.1.15
@radix-ui/react-direction@1.1.1
@radix-ui/react-dismissable-layer@1.1.11
@radix-ui/react-dropdown-menu@2.1.16
@radix-ui/react-focus-guards@1.1.3
@radix-ui/react-focus-scope@1.1.7
@radix-ui/react-form@0.1.8
@radix-ui/react-hover-card@1.1.15
@radix-ui/react-id@1.1.1
@radix-ui/react-label@2.1.7
@radix-ui/react-label@2.1.8
@radix-ui/react-menu@2.1.16
@radix-ui/react-menubar@1.1.16
@radix-ui/react-navigation-menu@1.2.14
@radix-ui/react-one-time-password-field@0.1.8
@radix-ui/react-password-toggle-field@0.1.3
@radix-ui/react-popover@1.1.15
@radix-ui/react-popper@1.2.8
@radix-ui/react-portal@1.1.9
@radix-ui/react-presence@1.1.5
@radix-ui/react-primitive@2.1.3
@radix-ui/react-primitive@2.1.4
@radix-ui/react-progress@1.1.7
@radix-ui/react-progress@1.1.8
@radix-ui/react-radio-group@1.3.8
@radix-ui/react-roving-focus@1.1.11
@radix-ui/react-scroll-area@1.2.10
@radix-ui/react-select@2.2.6
@radix-ui/react-separator@1.1.7
@radix-ui/react-separator@1.1.8
@radix-ui/react-slider@1.3.6
@radix-ui/react-slot@1.2.3
@radix-ui/react-slot@1.2.4
@radix-ui/react-switch@1.2.6
@radix-ui/react-tabs@1.1.13
@radix-ui/react-toast@1.2.15
@radix-ui/react-toggle@1.1.10
@radix-ui/react-toggle-group@1.1.11
@radix-ui/react-toolbar@1.1.11
@radix-ui/react-tooltip@1.2.8
@radix-ui/react-use-callback-ref@1.1.1
@radix-ui/react-use-controllable-state@1.2.2
@radix-ui/react-use-effect-event@0.0.2
@radix-ui/react-use-escape-keydown@1.1.1
@radix-ui/react-use-is-hydrated@0.1.0
@radix-ui/react-use-layout-effect@1.1.1
@radix-ui/react-use-previous@1.1.1
@radix-ui/react-use-rect@1.1.1
@radix-ui/react-use-size@1.1.1
@radix-ui/react-visually-hidden@1.2.3
@radix-ui/rect@1.1.1
@react-dnd/asap@5.0.2
@react-dnd/invariant@4.0.2
@react-dnd/shallowequal@4.0.2
@react-google-maps/api@2.20.8
@react-google-maps/infobox@2.20.0
@react-google-maps/marker-clusterer@2.20.0
@react-leaflet/core@3.0.0
@react-three/drei@10.7.7
@react-three/fiber@9.6.0
@react-types/shared@3.34.0
@reduxjs/toolkit@2.11.2
@rolldown/pluginutils@1.0.0-beta.27
@rolldown/pluginutils@1.0.0-rc.3
@rollup/plugin-babel@5.3.1
@rollup/plugin-babel@6.1.0
@rollup/plugin-commonjs@25.0.8
@rollup/plugin-image@3.0.3
@rollup/plugin-inject@5.0.5
@rollup/plugin-json@6.1.0
@rollup/plugin-node-resolve@15.3.1
@rollup/plugin-replace@2.4.2
@rollup/plugin-terser@0.4.4
@rollup/plugin-typescript@12.3.0
@rollup/plugin-virtual@3.0.2
@rollup/pluginutils@3.1.0
@rollup/pluginutils@4.2.1
@rollup/pluginutils@5.3.0
@rollup/rollup-android-arm-eabi@4.60.2
@rollup/rollup-android-arm64@4.60.2
@rollup/rollup-darwin-arm64@4.60.2
@rollup/rollup-darwin-x64@4.60.2
@rollup/rollup-freebsd-arm64@4.60.2
@rollup/rollup-freebsd-x64@4.60.2
@rollup/rollup-linux-arm-gnueabihf@4.60.2
@rollup/rollup-linux-arm-musleabihf@4.60.2
@rollup/rollup-linux-arm64-gnu@4.60.2
@rollup/rollup-linux-arm64-musl@4.60.2
@rollup/rollup-linux-loong64-gnu@4.60.2
@rollup/rollup-linux-loong64-musl@4.60.2
@rollup/rollup-linux-ppc64-gnu@4.60.2
@rollup/rollup-linux-ppc64-musl@4.60.2
@rollup/rollup-linux-riscv64-gnu@4.60.2
@rollup/rollup-linux-riscv64-musl@4.60.2
@rollup/rollup-linux-s390x-gnu@4.60.2
@rollup/rollup-linux-x64-gnu@4.60.2
@rollup/rollup-linux-x64-musl@4.60.2
@rollup/rollup-openbsd-x64@4.60.2
@rollup/rollup-openharmony-arm64@4.60.2
@rollup/rollup-win32-arm64-msvc@4.60.2
@rollup/rollup-win32-ia32-msvc@4.60.2
@rollup/rollup-win32-x64-gnu@4.60.2
@rollup/rollup-win32-x64-msvc@4.60.2
@rsbuild/core@1.7.3
@rsbuild/plugin-check-syntax@1.3.0
@rsbuild/plugin-css-minimizer@1.1.1
@rsbuild/plugin-type-check@1.3.3
@rsdoctor/client@1.2.3
@rsdoctor/core@1.2.3
@rsdoctor/graph@1.2.3
@rsdoctor/rspack-plugin@1.2.3
@rsdoctor/sdk@1.2.3
@rsdoctor/types@1.2.3
@rsdoctor/utils@1.2.3
@rspack/binding@1.6.8
@rspack/binding@1.7.11
@rspack/binding-darwin-arm64@1.6.8
@rspack/binding-darwin-arm64@1.7.11
@rspack/binding-darwin-x64@1.6.8
@rspack/binding-darwin-x64@1.7.11
@rspack/binding-linux-arm64-gnu@1.6.8
@rspack/binding-linux-arm64-gnu@1.7.11
@rspack/binding-linux-arm64-musl@1.6.8
@rspack/binding-linux-arm64-musl@1.7.11
@rspack/binding-linux-x64-gnu@1.6.8
@rspack/binding-linux-x64-gnu@1.7.11
@rspack/binding-linux-x64-musl@1.6.8
@rspack/binding-linux-x64-musl@1.7.11
@rspack/binding-wasm32-wasi@1.6.8
@rspack/binding-wasm32-wasi@1.7.11
@rspack/binding-win32-arm64-msvc@1.6.8
@rspack/binding-win32-arm64-msvc@1.7.11
@rspack/binding-win32-ia32-msvc@1.6.8
@rspack/binding-win32-ia32-msvc@1.7.11
@rspack/binding-win32-x64-msvc@1.6.8
@rspack/binding-win32-x64-msvc@1.7.11
@rspack/core@1.6.8
@rspack/core@1.7.11
@rspack/lite-tapable@1.1.0
@rtsao/scc@1.1.0
@rushstack/node-core-library@5.23.1
@rushstack/problem-matcher@0.2.1
@rushstack/rig-package@0.7.3
@rushstack/terminal@0.24.0
@rushstack/ts-command-line@5.3.9
@sec-ant/readable-stream@0.4.1
@sinclair/typebox@0.27.10
@sinclair/typebox@0.34.49
@sindresorhus/is@4.6.0
@sindresorhus/merge-streams@4.0.0
@socket.io/component-emitter@3.1.2
@standard-schema/spec@1.1.0
@standard-schema/utils@0.3.0
@surma/rollup-plugin-off-main-thread@2.2.3
@svgr/babel-plugin-add-jsx-attribute@8.0.0
@svgr/babel-plugin-remove-jsx-attribute@8.0.0
@svgr/babel-plugin-remove-jsx-empty-expression@8.0.0
@svgr/babel-plugin-replace-jsx-attribute-value@8.0.0
@svgr/babel-plugin-svg-dynamic-title@8.0.0
@svgr/babel-plugin-svg-em-dimensions@8.0.0
@svgr/babel-plugin-transform-react-native-svg@8.1.0
@svgr/babel-plugin-transform-svg-component@8.0.0
@svgr/babel-preset@8.1.0
@svgr/core@8.1.0
@svgr/hast-util-to-babel-ast@8.0.0
@svgr/plugin-jsx@8.1.0
@svgr/plugin-svgo@8.1.0
@svgr/webpack@8.1.0
@swc-node/core@1.14.1
@swc-node/register@1.11.1
@swc-node/sourcemap-support@0.6.1
@swc/cli@0.8.1
@swc/core@1.15.30
@swc/core-darwin-arm64@1.15.30
@swc/core-darwin-x64@1.15.30
@swc/core-linux-arm-gnueabihf@1.15.30
@swc/core-linux-arm64-gnu@1.15.30
@swc/core-linux-arm64-musl@1.15.30
@swc/core-linux-ppc64-gnu@1.15.30
@swc/core-linux-s390x-gnu@1.15.30
@swc/core-linux-x64-gnu@1.15.30
@swc/core-linux-x64-musl@1.15.30
@swc/core-win32-arm64-msvc@1.15.30
@swc/core-win32-ia32-msvc@1.15.30
@swc/core-win32-x64-msvc@1.15.30
@swc/counter@0.1.3
@swc/helpers@0.5.21
@swc/types@0.1.26
@swc/wasm@1.15.30
@szmarczak/http-timer@4.0.6
@tabby_ai/hijri-converter@1.0.5
@tailwindcss/node@4.1.13
@tailwindcss/node@4.2.4
@tailwindcss/oxide@4.1.13
@tailwindcss/oxide@4.2.4
@tailwindcss/oxide-android-arm64@4.1.13
@tailwindcss/oxide-android-arm64@4.2.4
@tailwindcss/oxide-darwin-arm64@4.1.13
@tailwindcss/oxide-darwin-arm64@4.2.4
@tailwindcss/oxide-darwin-x64@4.1.13
@tailwindcss/oxide-darwin-x64@4.2.4
@tailwindcss/oxide-freebsd-x64@4.1.13
@tailwindcss/oxide-freebsd-x64@4.2.4
@tailwindcss/oxide-linux-arm-gnueabihf@4.1.13
@tailwindcss/oxide-linux-arm-gnueabihf@4.2.4
@tailwindcss/oxide-linux-arm64-gnu@4.1.13
@tailwindcss/oxide-linux-arm64-gnu@4.2.4
@tailwindcss/oxide-linux-arm64-musl@4.1.13
@tailwindcss/oxide-linux-arm64-musl@4.2.4
@tailwindcss/oxide-linux-x64-gnu@4.1.13
@tailwindcss/oxide-linux-x64-gnu@4.2.4
@tailwindcss/oxide-linux-x64-musl@4.1.13
@tailwindcss/oxide-linux-x64-musl@4.2.4
@tailwindcss/oxide-wasm32-wasi@4.1.13
@tailwindcss/oxide-wasm32-wasi@4.2.4
@tailwindcss/oxide-win32-arm64-msvc@4.1.13
@tailwindcss/oxide-win32-arm64-msvc@4.2.4
@tailwindcss/oxide-win32-x64-msvc@4.1.13
@tailwindcss/oxide-win32-x64-msvc@4.2.4
@tailwindcss/postcss@4.1.13
@tailwindcss/typography@0.5.19
@tailwindcss/vite@4.2.4
@tanstack/history@1.161.6
@tanstack/query-core@5.99.2
@tanstack/query-devtools@5.99.2
@tanstack/react-location@3.7.4
@tanstack/react-query@5.99.2
@tanstack/react-query-devtools@5.99.2
@tanstack/react-router@1.168.23
@tanstack/react-router-devtools@1.166.13
@tanstack/react-store@0.9.3
@tanstack/react-table@8.21.3
@tanstack/react-virtual@3.13.24
@tanstack/router-core@1.168.15
@tanstack/router-devtools-core@1.167.3
@tanstack/router-generator@1.166.32
@tanstack/router-plugin@1.167.22
@tanstack/router-utils@1.161.6
@tanstack/router-zod-adapter@1.81.5
@tanstack/store@0.9.3
@tanstack/table-core@8.21.3
@tanstack/virtual-core@3.14.0
@tanstack/virtual-file-routes@1.161.7
@tanstack/zod-adapter@1.166.9
@testing-library/dom@10.4.0
@testing-library/react@16.3.0
@tiptap/core@3.22.4
@tiptap/extension-blockquote@3.22.4
@tiptap/extension-bold@3.22.4
@tiptap/extension-bubble-menu@3.22.4
@tiptap/extension-bullet-list@3.22.4
@tiptap/extension-code@3.22.4
@tiptap/extension-code-block@3.22.4
@tiptap/extension-document@3.22.4
@tiptap/extension-dropcursor@3.22.4
@tiptap/extension-floating-menu@3.22.4
@tiptap/extension-gapcursor@3.22.4
@tiptap/extension-hard-break@3.22.4
@tiptap/extension-heading@3.22.4
@tiptap/extension-horizontal-rule@3.22.4
@tiptap/extension-italic@3.22.4
@tiptap/extension-link@3.22.4
@tiptap/extension-list@3.22.4
@tiptap/extension-list-item@3.22.4
@tiptap/extension-list-keymap@3.22.4
@tiptap/extension-ordered-list@3.22.4
@tiptap/extension-paragraph@3.22.4
@tiptap/extension-placeholder@3.22.4
@tiptap/extension-strike@3.22.4
@tiptap/extension-text@3.22.4
@tiptap/extension-underline@3.22.4
@tiptap/extensions@3.22.4
@tiptap/pm@3.22.4
@tiptap/react@3.22.4
@tiptap/starter-kit@3.22.4
@tokenizer/inflate@0.4.1
@tokenizer/token@0.3.0
@trivago/prettier-plugin-sort-imports@6.0.2
@tweenjs/tween.js@23.1.3
@tybys/wasm-util@0.9.0
@tybys/wasm-util@0.10.1
@types/argparse@1.0.38
@types/aria-query@5.0.4
@types/babel__core@7.20.5
@types/babel__generator@7.27.0
@types/babel__template@7.4.4
@types/babel__traverse@7.28.0
@types/cacheable-request@6.0.3
@types/chai@5.2.3
@types/connect@3.4.38
@types/cors@2.8.19
@types/d3-array@3.2.2
@types/d3-color@3.1.3
@types/d3-ease@3.0.2
@types/d3-interpolate@3.0.4
@types/d3-path@3.1.1
@types/d3-scale@4.0.9
@types/d3-shape@3.1.8
@types/d3-time@3.0.4
@types/d3-timer@3.0.2
@types/debug@4.1.13
@types/deep-eql@4.0.2
@types/draco3d@1.4.10
@types/emscripten@1.41.5
@types/eslint@9.6.1
@types/eslint-scope@3.7.7
@types/esquery@1.5.4
@types/estree@0.0.39
@types/estree@1.0.5
@types/estree@1.0.8
@types/estree-jsx@1.0.5
@types/fined@1.1.5
@types/fs-extra@11.0.4
@types/geojson@7946.0.16
@types/google.maps@3.58.1
@types/hast@3.0.4
@types/http-cache-semantics@4.2.0
@types/http-proxy@1.17.17
@types/inquirer@9.0.9
@types/istanbul-lib-coverage@2.0.6
@types/istanbul-lib-report@3.0.3
@types/istanbul-reports@3.0.4
@types/js-cookie@3.0.6
@types/jsesc@2.5.1
@types/json-schema@7.0.15
@types/json5@0.0.29
@types/jsonfile@6.1.4
@types/keyv@3.1.4
@types/leaflet@1.9.21
@types/liftoff@4.0.3
@types/lodash@4.17.24
@types/lodash-es@4.17.12
@types/mdast@4.0.4
@types/minimatch@6.0.0
@types/ms@2.1.0
@types/node@20.19.39
@types/node@25.6.0
@types/offscreencanvas@2019.7.3
@types/parse-json@4.0.2
@types/pica@9.0.5
@types/picomatch@4.0.3
@types/prismjs@1.26.6
@types/qs@6.15.0
@types/react@19.2.14
@types/react-day-picker@5.3.0
@types/react-dom@19.2.3
@types/react-reconciler@0.28.9
@types/react-signature-canvas@1.0.7
@types/react-syntax-highlighter@15.5.13
@types/resolve@1.20.2
@types/responselike@1.0.3
@types/semver@7.5.8
@types/signature_pad@2.3.6
@types/stats.js@0.17.4
@types/tapable@2.2.7
@types/three@0.183.1
@types/through@0.0.33
@types/trusted-types@2.0.7
@types/unist@2.0.11
@types/unist@3.0.3
@types/use-sync-external-store@0.0.6
@types/webxr@0.5.24
@types/ws@8.18.1
@types/yargs@17.0.35
@types/yargs-parser@21.0.3
@types/yauzl@2.10.3
@typescript-eslint/eslint-plugin@8.59.0
@typescript-eslint/parser@8.59.0
@typescript-eslint/project-service@8.59.0
@typescript-eslint/scope-manager@8.59.0
@typescript-eslint/tsconfig-utils@8.59.0
@typescript-eslint/type-utils@8.59.0
@typescript-eslint/types@8.59.0
@typescript-eslint/typescript-estree@8.59.0
@typescript-eslint/utils@8.59.0
@typescript-eslint/visitor-keys@8.59.0
@ungap/structured-clone@1.3.0
@unhead/addons@2.1.13
@unhead/dom@2.1.13
@unhead/vue@2.1.13
@use-gesture/core@10.3.1
@use-gesture/react@10.3.1
@vitejs/plugin-react@5.2.0
@vitejs/plugin-react-swc@3.11.0
@vitest/coverage-v8@4.1.5
@vitest/expect@4.1.5
@vitest/mocker@4.1.5
@vitest/pretty-format@4.1.5
@vitest/runner@4.1.5
@vitest/snapshot@4.1.5
@vitest/spy@4.1.5
@vitest/ui@4.1.5
@vitest/utils@4.1.5
@volar/language-core@2.4.28
@volar/source-map@2.4.28
@volar/typescript@2.4.28
@vue/compiler-core@3.5.33
@vue/compiler-dom@3.5.33
@vue/compiler-sfc@3.5.33
@vue/compiler-ssr@3.5.33
@vue/compiler-vue2@2.7.16
@vue/language-core@2.2.0
@vue/reactivity@3.5.33
@vue/runtime-core@3.5.33
@vue/runtime-dom@3.5.33
@vue/server-renderer@3.5.33
@vue/shared@3.5.33
@webassemblyjs/ast@1.14.1
@webassemblyjs/floating-point-hex-parser@1.13.2
@webassemblyjs/helper-api-error@1.13.2
@webassemblyjs/helper-buffer@1.14.1
@webassemblyjs/helper-numbers@1.13.2
@webassemblyjs/helper-wasm-bytecode@1.13.2
@webassemblyjs/helper-wasm-section@1.14.1
@webassemblyjs/ieee754@1.13.2
@webassemblyjs/leb128@1.13.2
@webassemblyjs/utf8@1.13.2
@webassemblyjs/wasm-edit@1.14.1
@webassemblyjs/wasm-gen@1.14.1
@webassemblyjs/wasm-opt@1.14.1
@webassemblyjs/wasm-parser@1.14.1
@webassemblyjs/wast-printer@1.14.1
@webgpu/types@0.1.69
@xhmikosr/archive-type@8.0.1
@xhmikosr/bin-check@8.2.1
@xhmikosr/bin-wrapper@14.2.3
@xhmikosr/decompress@11.1.2
@xhmikosr/decompress-tar@9.0.1
@xhmikosr/decompress-tarbz2@9.0.1
@xhmikosr/decompress-targz@9.0.1
@xhmikosr/decompress-unzip@8.1.0
@xhmikosr/downloader@16.1.2
@xhmikosr/os-filter-obj@4.0.0
@xtuc/ieee754@1.2.0
@xtuc/long@4.2.2
@yarnpkg/lockfile@1.1.0
@yarnpkg/parsers@3.0.2
@yudiel/react-qr-scanner@2.5.1
@zkochan/js-yaml@0.0.7
accepts@1.3.8
acorn@8.16.0
acorn-import-attributes@1.9.5
acorn-import-phases@1.0.4
acorn-jsx@5.3.2
acorn-walk@8.3.4
address@1.2.2
adm-zip@0.5.10
agent-base@7.1.4
ajv@6.14.0
ajv@8.18.0
ajv-draft-04@1.0.0
ajv-formats@2.1.1
ajv-formats@3.0.1
ajv-keywords@5.1.0
alien-signals@0.4.14
ansi-align@2.0.0
ansi-colors@4.1.3
ansi-escapes@4.3.2
ansi-regex@3.0.1
ansi-regex@5.0.1
ansi-styles@3.2.1
ansi-styles@4.3.0
ansi-styles@5.2.0
ansis@4.2.0
anymatch@3.1.3
arch@3.0.0
argparse@1.0.10
argparse@2.0.1
aria-hidden@1.2.6
aria-query@5.3.0
aria-query@5.3.2
array-buffer-byte-length@1.0.2
array-each@1.0.1
array-flatten@1.1.1
array-includes@3.1.9
array-slice@1.1.0
array.prototype.findlast@1.2.5
array.prototype.findlastindex@1.2.6
array.prototype.flat@1.3.3
array.prototype.flatmap@1.3.3
array.prototype.tosorted@1.1.4
arraybuffer.prototype.slice@1.0.4
asn1@0.2.6
asn1.js@4.10.1
assert@2.1.0
assert-plus@1.0.0
assertion-error@2.0.1
ast-kit@3.0.0-beta.1
ast-types-flow@0.0.8
ast-v8-to-istanbul@1.0.0
async@3.2.6
async-function@1.0.0
asynckit@0.4.0
at-least-node@1.0.0
attr-accept@2.2.5
autoprefixer@10.5.0
available-typed-arrays@1.0.7
aws-sign2@0.7.0
aws4@1.13.2
axe-core@4.11.3
axios@1.15.0
axios@1.15.2
axobject-query@4.1.0
b4a@1.8.0
babel-dead-code-elimination@1.0.12
babel-plugin-const-enum@1.2.0
babel-plugin-macros@3.1.0
babel-plugin-polyfill-corejs2@0.4.17
babel-plugin-polyfill-corejs3@0.13.0
babel-plugin-polyfill-corejs3@0.14.2
babel-plugin-polyfill-regenerator@0.6.8
babel-plugin-transform-typescript-metadata@0.3.2
background-only@0.0.1
bail@2.0.2
balanced-match@1.0.2
balanced-match@4.0.4
barcode-detector@3.0.8
bare-events@2.8.2
base64-js@1.5.1
base64id@2.0.0
baseline-browser-mapping@2.10.21
basic-auth@2.0.1
bcrypt-pbkdf@1.0.2
bidi-js@1.0.3
binary-extensions@2.3.0
binary-version@7.1.0
binary-version-check@6.1.0
bl@4.1.0
bn.js@4.12.3
bn.js@5.2.3
body-parser@1.20.3
body-parser@1.20.4
boolbase@1.0.0
boolean@3.2.0
boxen@1.3.0
brace-expansion@1.1.14
brace-expansion@2.1.0
brace-expansion@5.0.5
braces@3.0.3
brorand@1.1.0
browser-image-compression@2.0.2
browser-resolve@2.0.0
browserify-aes@1.2.0
browserify-cipher@1.0.1
browserify-des@1.0.2
browserify-rsa@4.1.1
browserify-sign@4.2.5
browserify-zlib@0.2.0
browserslist@4.28.2
browserslist-load-config@1.0.1
browserslist-to-es-version@1.4.1
buffer@5.7.1
buffer@6.0.3
buffer-crc32@0.2.13
buffer-from@1.1.2
buffer-xor@1.0.3
builtin-status-codes@3.0.0
byline@3.1.2
bytes@3.1.2
cac@6.7.14
cacheable-lookup@5.0.4
cacheable-request@7.0.4
call-bind@1.0.9
call-bind-apply-helpers@1.0.2
call-bound@1.0.4
callsites@3.1.0
camel-case@4.1.2
camelcase@4.1.0
camelcase@6.3.0
camera-controls@3.1.2
caniuse-api@3.0.0
caniuse-lite@1.0.30001790
caseless@0.12.0
ccount@2.0.1
chai@6.2.2
chalk@2.4.2
chalk@4.1.2
change-case@5.4.4
character-entities@2.0.2
character-entities-html4@2.1.0
character-entities-legacy@3.0.0
character-reference-invalid@2.0.1
chardet@2.1.1
chokidar@3.6.0
chownr@3.0.0
chrome-trace-event@1.0.4
ci-info@1.6.0
ci-info@3.9.0
cipher-base@1.0.7
class-variance-authority@0.7.1
classnames@2.5.1
clean-css@5.3.3
cli-boxes@1.0.0
cli-cursor@3.1.0
cli-spinners@2.6.1
cli-width@4.1.0
client-only@0.0.1
cliui@8.0.1
clone@1.0.4
clone-response@1.0.3
clsx@2.1.1
cmdk@1.1.1
color-convert@1.9.3
color-convert@2.0.1
color-name@1.1.3
color-name@1.1.4
colorette@2.0.20
columnify@1.6.0
combined-stream@1.0.8
comma-separated-tokens@2.0.3
commander@2.20.3
commander@6.2.1
commander@7.2.0
commander@8.3.0
commander@10.0.1
commander@11.1.0
common-tags@1.8.2
commondir@1.0.1
compare-versions@6.1.1
concat-map@0.0.1
concat-with-sourcemaps@1.1.0
confbox@0.1.8
confbox@0.2.4
configstore@3.1.5
confusing-browser-globals@1.0.11
connect@3.7.0
console-browserify@1.2.0
constants-browserify@1.0.0
content-disposition@0.5.4
content-disposition@1.1.0
content-type@1.0.5
convert-hrtime@5.0.0
convert-source-map@2.0.0
cookie@0.7.2
cookie@1.1.1
cookie-es@3.1.1
cookie-signature@1.0.7
core-js@3.47.0
core-js-compat@3.49.0
core-util-is@1.0.2
core-util-is@1.0.3
cors@2.8.5
corser@2.0.1
cosmiconfig@7.1.0
cosmiconfig@8.3.6
cosmiconfig@9.0.1
country-data-list@1.6.2
country-flag-icons@1.6.16
create-ecdh@4.0.4
create-hash@1.2.0
create-hmac@1.1.7
create-require@1.1.1
cron-parser@4.9.0
cross-env@7.0.3
cross-spawn@7.0.6
crypto-browserify@3.12.1
crypto-random-string@1.0.0
crypto-random-string@2.0.0
css-declaration-sorter@7.4.0
css-minimizer-webpack-plugin@7.0.2
css-select@5.2.2
css-tree@2.2.1
css-tree@2.3.1
css-tree@3.2.1
css-what@6.2.2
cssesc@3.0.0
cssnano@7.1.7
cssnano-preset-default@7.0.15
cssnano-utils@5.0.2
csso@5.0.5
cssstyle@6.2.0
csstype@3.1.3
csstype@3.2.3
d3-array@3.2.4
d3-color@3.1.0
d3-ease@3.0.1
d3-format@3.1.2
d3-interpolate@3.0.1
d3-path@3.1.0
d3-scale@4.0.2
d3-shape@3.2.0
d3-time@3.1.0
d3-time-format@4.1.0
d3-timer@3.0.1
damerau-levenshtein@1.0.8
dashdash@1.14.1
data-urls@7.0.0
data-view-buffer@1.0.2
data-view-byte-length@1.0.2
data-view-byte-offset@1.0.1
date-fns@4.1.0
date-fns-jalali@4.1.0-0
date-fns-tz@3.2.0
dayjs@1.11.13
de-indent@1.0.2
debug@2.6.9
debug@3.2.7
debug@4.3.7
debug@4.4.3
decimal.js@10.6.0
decimal.js-light@2.5.1
decode-named-character-reference@1.3.0
decode-uri-component@0.4.1
decompress-response@6.0.0
deep-eql@4.1.4
deep-extend@0.6.0
deep-is@0.1.4
deepmerge@4.3.1
default-gateway@6.0.3
defaults@1.0.4
defer-to-connect@2.0.1
define-data-property@1.1.4
define-lazy-prop@2.0.0
define-properties@1.2.1
delayed-stream@1.0.0
depd@2.0.0
dequal@2.0.3
des.js@1.1.0
destroy@1.2.0
detect-file@1.0.0
detect-gpu@5.0.70
detect-libc@2.1.2
detect-node@2.1.0
detect-node-es@1.1.0
detect-port@1.6.1
detectincognitojs@1.6.2
devlop@1.1.0
diff@8.0.4
diffie-hellman@5.0.3
dlv@1.1.3
dnd-core@16.0.1
doctrine@2.1.0
dom-accessibility-api@0.5.16
dom-serializer@2.0.0
domain-browser@4.22.0
domelementtype@2.3.0
domhandler@5.0.3
dompurify@3.4.1
domutils@3.2.2
dot-case@3.0.4
dot-prop@4.2.1
dotenv@16.4.7
dotenv-expand@11.0.7
draco3d@1.5.7
dunder-proto@1.0.1
ecc-jsbn@0.1.2
ee-first@1.1.1
ejs@3.1.10
ejs@5.0.1
electron@32.3.3
electron-to-chromium@1.5.343
elliptic@6.6.1
embla-carousel@8.6.0
embla-carousel-react@8.6.0
embla-carousel-reactive-utils@8.6.0
emoji-regex@8.0.0
emoji-regex@9.2.2
encodeurl@1.0.2
encodeurl@2.0.0
encoding@0.1.13
end-of-stream@1.4.5
engine.io@6.6.6
engine.io-parser@5.2.3
enhanced-resolve@5.12.0
enhanced-resolve@5.20.1
enquirer@2.3.6
entities@4.5.0
entities@6.0.1
entities@7.0.1
entities@8.0.0
env-paths@2.2.1
envinfo@7.14.0
error-ex@1.3.4
errorstacks@2.4.1
es-abstract@1.24.2
es-define-property@1.0.1
es-errors@1.3.0
es-iterator-helpers@1.3.2
es-module-lexer@2.0.0
es-object-atoms@1.1.1
es-set-tostringtag@2.1.0
es-shim-unscopables@1.1.0
es-to-primitive@1.3.0
es-toolkit@1.46.0
es6-error@4.1.1
esbuild@0.27.7
escalade@3.2.0
escape-html@1.0.3
escape-string-regexp@1.0.5
escape-string-regexp@4.0.0
escape-string-regexp@5.0.0
eslint@9.39.4
eslint-config-prettier@10.1.8
eslint-import-resolver-node@0.3.10
eslint-module-utils@2.12.1
eslint-plugin-import@2.32.0
eslint-plugin-jsx-a11y@6.10.2
eslint-plugin-perfectionist@5.9.0
eslint-plugin-playwright@2.10.2
eslint-plugin-react@7.37.5
eslint-plugin-react-hooks@7.0.1
eslint-plugin-react-refresh@0.5.2
eslint-scope@5.1.1
eslint-scope@8.4.0
eslint-visitor-keys@3.4.3
eslint-visitor-keys@4.2.1
eslint-visitor-keys@5.0.1
espree@9.6.1
espree@10.4.0
esprima@4.0.1
esquery@1.7.0
esrecurse@4.3.0
estraverse@4.3.0
estraverse@5.3.0
estree-util-is-identifier-name@3.0.0
estree-walker@0.6.1
estree-walker@1.0.1
estree-walker@2.0.2
estree-walker@3.0.3
esutils@2.0.3
etag@1.8.1
eventemitter3@4.0.7
eventemitter3@5.0.4
events@3.3.0
events-universal@1.0.1
evp_bytestokey@1.0.3
execa@0.7.0
execa@5.1.1
execa@8.0.1
execa@9.6.1
expand-tilde@2.0.2
expect-type@1.3.0
express@4.22.1
exsolve@1.0.8
ext-list@2.2.2
ext-name@5.0.0
extend@3.0.2
extract-zip@2.0.1
extsprintf@1.3.0
fast-deep-equal@3.1.3
fast-equals@5.4.0
fast-fifo@1.3.2
fast-glob@3.3.3
fast-json-stable-stringify@2.1.0
fast-levenshtein@2.0.6
fast-uri@3.1.0
fastq@1.20.1
fault@1.0.4
fd-package-json@2.0.0
fd-slicer@1.1.0
fdir@6.5.0
fflate@0.6.10
fflate@0.8.2
figures@3.2.0
figures@6.1.0
file-entry-cache@8.0.0
file-selector@2.1.2
file-type@21.3.4
filelist@1.0.6
filename-reserved-regex@4.0.0
filenamify@7.0.1
filesize@10.1.6
fill-range@7.1.1
filter-obj@5.1.0
finalhandler@1.1.2
finalhandler@1.3.2
find-cache-dir@3.3.2
find-file-up@2.0.1
find-pkg@2.0.0
find-up@4.1.0
find-up@5.0.0
find-versions@6.0.0
findup-sync@5.0.0
fined@2.0.0
flagged-respawn@2.0.0
flat@5.0.2
flat-cache@4.0.1
flatted@3.4.2
follow-redirects@1.16.0
for-each@0.3.5
for-in@1.0.2
for-own@1.0.0
foreground-child@3.3.1
forever-agent@0.6.1
form-data@2.3.3
form-data@4.0.5
format@0.2.2
formatly@0.3.0
forwarded@0.2.0
fraction.js@5.3.4
framer-motion@12.38.0
fresh@0.5.2
front-matter@4.0.2
fs-constants@1.0.0
fs-extra@8.1.0
fs-extra@9.1.0
fs-extra@10.1.0
fs-extra@11.3.4
fs.realpath@1.0.0
fsevents@2.3.2
fsevents@2.3.3
function-bind@1.1.2
function-timeout@1.0.2
function.prototype.name@1.1.8
functions-have-names@1.2.3
fuse.js@7.3.0
generator-function@2.0.1
generic-names@4.0.0
gensync@1.0.0-beta.2
get-caller-file@2.0.5
get-intrinsic@1.3.0
get-nonce@1.0.1
get-own-enumerable-property-symbols@3.0.2
get-port@5.1.1
get-proto@1.0.1
get-stream@3.0.0
get-stream@5.2.0
get-stream@6.0.1
get-stream@8.0.1
get-stream@9.0.1
get-symbol-description@1.1.0
get-tsconfig@4.14.0
getpass@0.1.7
glob@8.1.0
glob@11.1.0
glob-parent@5.1.2
glob-parent@6.0.2
glob-to-regex.js@1.2.0
glob-to-regexp@0.4.1
global-agent@3.0.0
global-dirs@0.1.1
global-modules@1.0.0
global-prefix@1.0.2
globals@14.0.0
globals@15.15.0
globals@16.5.0
globals@17.5.0
globalthis@1.0.4
globrex@0.1.2
glsl-noise@0.0.0
glur@1.1.2
goober@2.1.18
gopd@1.2.0
got@11.8.6
graceful-fs@4.2.11
handlebars@4.7.9
har-schema@2.0.0
har-validator@5.1.5
has-bigints@1.1.0
has-flag@3.0.0
has-flag@4.0.0
has-property-descriptors@1.0.2
has-proto@1.2.0
has-symbols@1.1.0
has-tostringtag@1.0.2
hash-base@3.0.5
hash-base@3.1.2
hash.js@1.1.7
hasown@2.0.3
hast@1.0.0
hast-util-from-parse5@8.0.3
hast-util-parse-selector@4.0.0
hast-util-raw@9.1.0
hast-util-to-jsx-runtime@2.3.6
hast-util-to-parse5@8.0.1
hast-util-whitespace@3.0.0
hastscript@9.0.1
he@1.2.0
hermes-estree@0.25.1
hermes-parser@0.25.1
highlight.js@10.7.3
highlightjs-vue@1.0.0
history@5.3.0
hls.js@1.6.16
hmac-drbg@1.0.1
hoist-non-react-statics@3.3.2
homedir-polyfill@1.0.3
hookable@6.1.1
htm@3.1.1
html-encoding-sniffer@3.0.0
html-encoding-sniffer@6.0.0
html-escaper@2.0.2
html-minifier-terser@7.2.0
html-to-image@1.11.13
html-url-attributes@3.0.1
html-void-elements@3.0.0
html5parser@2.0.2
htmlparser2@10.0.0
http-cache-semantics@4.2.0
http-errors@2.0.0
http-errors@2.0.1
http-proxy@1.18.1
http-proxy-agent@7.0.2
http-proxy-middleware@3.0.5
http-server@14.1.1
http-signature@1.2.0
http2-wrapper@1.0.3
https-browserify@1.0.0
https-proxy-agent@7.0.6
human-signals@2.1.0
human-signals@5.0.0
human-signals@8.0.1
hyperdyperid@1.2.0
iconv-lite@0.4.24
iconv-lite@0.6.3
iconv-lite@0.7.2
icss-utils@5.1.0
idb@7.1.1
ieee754@1.2.1
ignore@5.3.2
ignore@7.0.5
immediate@3.0.6
immer@10.2.0
immer@11.1.4
import-fresh@3.3.1
import-lazy@2.1.0
import-lazy@4.0.0
imurmurhash@0.1.4
inflight@1.0.6
inherits@2.0.4
ini@1.3.8
inline-style-parser@0.2.7
input-format@0.3.14
input-otp@1.4.2
inquirer@9.3.8
inspect-with-kind@1.0.5
install@0.13.0
internal-ip@6.2.0
internal-slot@1.1.0
internmap@2.0.3
interpret@3.1.1
invariant@2.2.4
ip-regex@4.3.0
ipaddr.js@1.9.1
is-absolute@1.0.0
is-alphabetical@2.0.1
is-alphanumerical@2.0.1
is-arguments@1.2.0
is-array-buffer@3.0.5
is-arrayish@0.2.1
is-async-function@2.1.1
is-bigint@1.1.0
is-binary-path@2.1.0
is-boolean-object@1.2.2
is-callable@1.2.7
is-ci@1.2.1
is-core-module@2.16.1
is-data-view@1.0.2
is-date-object@1.1.0
is-decimal@2.0.1
is-docker@2.2.1
is-extglob@2.1.1
is-finalizationregistry@1.1.1
is-fullwidth-code-point@2.0.0
is-fullwidth-code-point@3.0.0
is-generator-function@1.1.2
is-glob@4.0.3
is-hexadecimal@2.0.1
is-installed-globally@0.1.0
is-interactive@1.0.0
is-ip@3.1.0
is-map@2.0.3
is-module@1.0.0
is-nan@1.3.2
is-negative-zero@2.0.3
is-npm@1.0.0
is-number@7.0.0
is-number-object@1.1.1
is-obj@1.0.1
is-path-inside@1.0.1
is-plain-obj@1.1.0
is-plain-obj@4.1.0
is-plain-object@5.0.0
is-potential-custom-element-name@1.0.1
is-promise@2.2.2
is-reference@1.2.1
is-regex@1.2.1
is-regexp@1.0.0
is-relative@1.0.0
is-set@2.0.3
is-shared-array-buffer@1.0.4
is-stream@1.1.0
is-stream@2.0.1
is-stream@3.0.0
is-stream@4.0.1
is-string@1.1.1
is-symbol@1.1.1
is-typed-array@1.1.15
is-typedarray@1.0.0
is-unc-path@1.0.0
is-unicode-supported@0.1.0
is-unicode-supported@2.1.0
is-weakmap@2.0.2
is-weakref@1.1.1
is-weakset@2.0.4
is-windows@1.0.2
is-wsl@2.2.0
isarray@1.0.0
isarray@2.0.5
isbinaryfile@5.0.7
isbot@5.1.39
isexe@2.0.0
isexe@4.0.0
isobject@3.0.1
isomorphic-dompurify@3.9.0
isomorphic-timers-promises@1.0.1
isomorphic-ws@5.0.0
isstream@0.1.2
istanbul-lib-coverage@3.2.2
istanbul-lib-report@3.0.1
istanbul-reports@3.2.0
iterator.prototype@1.1.5
its-fine@2.0.0
jackspeak@4.2.3
jake@10.9.4
javascript-natural-sort@0.7.1
jest-diff@30.3.0
jest-util@29.7.0
jest-worker@27.5.1
jest-worker@29.7.0
jiti@2.4.2
jiti@2.6.1
jju@1.4.0
js-cookie@3.0.5
js-tokens@4.0.0
js-tokens@10.0.0
js-yaml@3.14.2
js-yaml@4.1.1
jsbn@0.1.1
jsdom@28.1.0
jsdom@29.0.2
jsesc@3.1.0
json-buffer@3.0.1
json-cycle@1.5.0
json-parse-even-better-errors@2.3.1
json-schema@0.4.0
json-schema-traverse@0.4.1
json-schema-traverse@1.0.0
json-stable-stringify-without-jsonify@1.0.1
json-stream-stringify@3.0.1
json-stringify-safe@5.0.1
json5@1.0.2
json5@2.2.3
jsonc-eslint-parser@2.4.2
jsonc-eslint-parser@3.1.0
jsonc-parser@3.2.0
jsonfile@4.0.0
jsonfile@6.2.1
jsonpointer@5.0.1
jsprim@1.4.2
jsx-ast-utils@3.3.5
kdbush@4.0.2
keyv@4.5.4
kind-of@6.0.3
knip@5.88.1
kolorist@1.8.0
language-subtag-registry@0.3.23
language-tags@1.0.9
latest-version@3.1.0
leaflet@1.9.4
leven@3.1.0
levn@0.4.1
libphonenumber-js@1.12.41
lie@3.3.0
liftoff@5.0.1
lightningcss@1.30.1
lightningcss@1.32.0
lightningcss-android-arm64@1.32.0
lightningcss-darwin-arm64@1.30.1
lightningcss-darwin-arm64@1.32.0
lightningcss-darwin-x64@1.30.1
lightningcss-darwin-x64@1.32.0
lightningcss-freebsd-x64@1.30.1
lightningcss-freebsd-x64@1.32.0
lightningcss-linux-arm-gnueabihf@1.30.1
lightningcss-linux-arm-gnueabihf@1.32.0
lightningcss-linux-arm64-gnu@1.30.1
lightningcss-linux-arm64-gnu@1.32.0
lightningcss-linux-arm64-musl@1.30.1
lightningcss-linux-arm64-musl@1.32.0
lightningcss-linux-x64-gnu@1.30.1
lightningcss-linux-x64-gnu@1.32.0
lightningcss-linux-x64-musl@1.30.1
lightningcss-linux-x64-musl@1.32.0
lightningcss-win32-arm64-msvc@1.30.1
lightningcss-win32-arm64-msvc@1.32.0
lightningcss-win32-x64-msvc@1.30.1
lightningcss-win32-x64-msvc@1.32.0
lilconfig@3.1.3
lines-and-columns@1.2.4
lines-and-columns@2.0.3
lines-and-columns@2.0.4
linkifyjs@4.3.2
loader-runner@4.3.1
loader-utils@3.3.1
local-pkg@1.1.2
locate-path@5.0.0
locate-path@6.0.0
lodash@4.18.1
lodash-es@4.18.1
lodash.camelcase@4.3.0
lodash.debounce@4.0.8
lodash.memoize@4.1.2
lodash.merge@4.6.2
lodash.sortby@4.7.0
lodash.unionby@4.8.0
lodash.uniq@4.5.0
log-symbols@4.1.0
loglevel@1.9.2
long-timeout@0.1.1
longest-streak@3.1.0
loose-envify@1.4.0
lower-case@2.0.2
lowercase-keys@2.0.0
lowlight@1.20.0
lru-cache@5.1.1
lru-cache@11.3.5
lucide-react@0.575.0
luxon@3.7.2
lz-string@1.5.0
maath@0.10.8
magic-string@0.25.9
magic-string@0.30.21
magic-string-ast@1.0.3
magicast@0.5.2
make-asynchronous@1.1.0
make-dir@1.3.0
make-dir@3.1.0
make-dir@4.0.0
map-cache@0.2.2
markdown-table@3.0.4
matcher@3.0.0
math-intrinsics@1.1.0
md5.js@1.3.5
mdast-util-find-and-replace@3.0.2
mdast-util-from-markdown@2.0.3
mdast-util-gfm@3.1.0
mdast-util-gfm-autolink-literal@2.0.1
mdast-util-gfm-footnote@2.1.0
mdast-util-gfm-strikethrough@2.0.0
mdast-util-gfm-table@2.0.0
mdast-util-gfm-task-list-item@2.0.0
mdast-util-mdx-expression@2.0.1
mdast-util-mdx-jsx@3.2.0
mdast-util-mdxjs-esm@2.0.1
mdast-util-phrasing@4.1.0
mdast-util-to-hast@13.2.1
mdast-util-to-markdown@2.1.2
mdast-util-to-string@4.0.0
mdn-data@2.0.28
mdn-data@2.0.30
mdn-data@2.27.1
media-typer@0.3.0
memfs@4.57.2
merge-descriptors@1.0.3
merge-stream@2.0.0
merge2@1.4.1
meshline@3.3.1
meshoptimizer@1.0.1
methods@1.1.2
micromark@4.0.2
micromark-core-commonmark@2.0.3
micromark-extension-gfm@3.0.0
micromark-extension-gfm-autolink-literal@2.1.0
micromark-extension-gfm-footnote@2.1.0
micromark-extension-gfm-strikethrough@2.1.0
micromark-extension-gfm-table@2.1.1
micromark-extension-gfm-tagfilter@2.0.0
micromark-extension-gfm-task-list-item@2.1.0
micromark-factory-destination@2.0.1
micromark-factory-label@2.0.1
micromark-factory-space@2.0.1
micromark-factory-title@2.0.1
micromark-factory-whitespace@2.0.1
micromark-util-character@2.1.1
micromark-util-chunked@2.0.1
micromark-util-classify-character@2.0.1
micromark-util-combine-extensions@2.0.1
micromark-util-decode-numeric-character-reference@2.0.2
micromark-util-decode-string@2.0.1
micromark-util-encode@2.0.1
micromark-util-html-tag-name@2.0.1
micromark-util-normalize-identifier@2.0.1
micromark-util-resolve-all@2.0.1
micromark-util-sanitize-uri@2.0.1
micromark-util-subtokenize@2.1.0
micromark-util-symbol@2.0.1
micromark-util-types@2.0.2
micromatch@4.0.8
miller-rabin@4.0.1
mime@1.6.0
mime-db@1.52.0
mime-db@1.54.0
mime-types@2.1.35
mimic-fn@2.1.0
mimic-fn@4.0.0
mimic-response@1.0.1
mimic-response@3.1.0
mini-css-extract-plugin@2.10.2
mini-svg-data-uri@1.4.4
minimalistic-assert@1.0.1
minimalistic-crypto-utils@1.0.1
minimatch@3.1.5
minimatch@5.1.9
minimatch@9.0.9
minimatch@10.2.3
minimatch@10.2.4
minimatch@10.2.5
minimist@1.2.8
minipass@7.1.3
minizlib@3.1.0
mlly@1.8.2
motion@12.38.0
motion-dom@12.38.0
motion-utils@12.36.0
mrmime@2.0.1
ms@2.0.0
ms@2.1.3
muggle-string@0.4.1
multimath@2.0.0
mute-stream@1.0.0
nanoid@3.3.11
nanospinner@1.2.2
nats.ws@1.30.3
natural-compare@1.4.0
natural-orderby@5.0.0
negotiator@0.6.3
neo-async@2.6.2
next-themes@0.4.6
nkeys.js@1.1.0
no-case@3.0.4
node-exports-info@1.6.0
node-fetch@2.7.0
node-plop@0.32.3
node-releases@2.0.38
node-schedule@2.1.1
node-stdlib-browser@1.3.1
normalize-path@3.0.0
normalize-url@6.1.0
normalize-wheel@1.0.1
npm-run-path@2.0.2
npm-run-path@4.0.1
npm-run-path@5.3.0
npm-run-path@6.0.0
nth-check@2.1.1
nx@22.6.5
oauth-sign@0.9.0
object-assign@4.1.1
object-inspect@1.13.4
object-is@1.1.6
object-keys@1.1.1
object.assign@4.1.7
object.defaults@1.1.0
object.entries@1.1.9
object.fromentries@2.0.8
object.groupby@1.0.3
object.pick@1.3.0
object.values@1.2.1
obug@2.1.1
on-finished@2.3.0
on-finished@2.4.1
once@1.4.0
onetime@5.1.2
onetime@6.0.0
open@8.4.2
opener@1.5.2
optionator@0.9.4
ora@5.3.0
ora@5.4.1
orderedmap@2.1.1
os-browserify@0.3.0
own-keys@1.0.1
oxc-resolver@11.19.1
p-cancelable@2.1.1
p-event@4.2.0
p-event@6.0.1
p-finally@1.0.0
p-limit@2.3.0
p-limit@3.1.0
p-locate@4.1.0
p-locate@5.0.0
p-timeout@3.2.0
p-timeout@6.1.4
p-try@2.2.0
package-json@4.0.1
package-json-from-dist@1.0.1
pako@1.0.11
param-case@3.0.4
parent-module@1.0.1
parse-asn1@5.1.9
parse-entities@4.0.2
parse-filepath@1.0.2
parse-imports-exports@0.2.4
parse-json@5.2.0
parse-ms@4.0.0
parse-passwd@1.0.0
parse-statements@1.0.11
parse5@7.3.0
parse5@8.0.1
parseurl@1.3.3
pascal-case@3.1.2
path-browserify@1.0.1
path-exists@4.0.0
path-is-inside@1.0.2
path-key@2.0.1
path-key@3.1.1
path-key@4.0.0
path-parse@1.0.7
path-root@0.1.1
path-root-regex@0.1.2
path-scurry@2.0.2
path-to-regexp@0.1.13
path-type@4.0.0
pathe@2.0.3
pbkdf2@3.1.5
pend@1.2.0
performance-now@2.1.0
pica@9.0.1
pico@0.1.17
picocolors@1.1.1
picomatch@2.3.2
picomatch@4.0.4
pify@3.0.0
pirates@4.0.7
piscina@4.9.2
pkg-dir@4.2.0
pkg-dir@5.0.0
pkg-types@1.3.1
pkg-types@2.3.0
playwright@1.59.1
playwright-core@1.59.1
plop@4.0.5
portfinder@1.0.38
possible-typed-array-names@1.1.0
postcss@8.5.10
postcss-calc@10.1.1
postcss-colormin@7.0.9
postcss-convert-values@7.0.11
postcss-discard-comments@7.0.7
postcss-discard-duplicates@7.0.3
postcss-discard-empty@7.0.2
postcss-discard-overridden@7.0.2
postcss-loader@8.2.1
postcss-merge-longhand@7.0.6
postcss-merge-rules@7.0.10
postcss-minify-font-values@7.0.2
postcss-minify-gradients@7.0.4
postcss-minify-params@7.0.8
postcss-minify-selectors@7.1.0
postcss-modules@6.0.1
postcss-modules-extract-imports@3.1.0
postcss-modules-local-by-default@4.2.0
postcss-modules-scope@3.2.1
postcss-modules-values@4.0.0
postcss-normalize-charset@7.0.2
postcss-normalize-display-values@7.0.2
postcss-normalize-positions@7.0.3
postcss-normalize-repeat-style@7.0.3
postcss-normalize-string@7.0.2
postcss-normalize-timing-functions@7.0.2
postcss-normalize-unicode@7.0.8
postcss-normalize-url@7.0.2
postcss-normalize-whitespace@7.0.2
postcss-ordered-values@7.0.3
postcss-reduce-initial@7.0.8
postcss-reduce-transforms@7.0.2
postcss-selector-parser@6.0.10
postcss-selector-parser@7.1.1
postcss-svgo@7.1.2
postcss-unique-selectors@7.0.6
postcss-value-parser@4.2.0
potpack@1.0.2
prelude-ls@1.2.1
prettier@3.8.3
prettier-plugin-tailwindcss@0.7.2
pretty-bytes@5.6.0
pretty-bytes@6.1.1
pretty-format@27.5.1
pretty-format@30.3.0
pretty-ms@9.3.0
prismjs@1.30.0
process@0.11.10
process-nextick-args@2.0.1
progress@2.0.3
promise-worker-transferable@1.0.4
prop-types@15.8.1
property-information@7.1.0
prosemirror-changeset@2.4.1
prosemirror-commands@1.7.1
prosemirror-dropcursor@1.8.2
prosemirror-gapcursor@1.4.1
prosemirror-history@1.5.0
prosemirror-keymap@1.2.3
prosemirror-model@1.25.4
prosemirror-schema-list@1.5.1
prosemirror-state@1.4.4
prosemirror-tables@1.8.5
prosemirror-transform@1.12.0
prosemirror-view@1.41.8
proxy-addr@2.0.7
proxy-from-env@2.1.0
psl@1.15.0
public-encrypt@4.0.3
pump@3.0.4
punycode@1.4.1
punycode@2.3.1
pusher-js@8.5.0
qr.js@0.0.0
qrcode.react@4.2.0
qs@6.5.5
qs@6.13.0
qs@6.14.2
quansync@0.2.11
query-string@9.3.1
querystring-es3@0.2.1
queue-microtask@1.2.3
quick-lru@5.1.1
radix-ui@1.4.3
randombytes@2.1.0
randomfill@1.0.4
range-parser@1.2.1
raw-body@2.5.2
raw-body@2.5.3
rc@1.2.8
react@19.2.4
react-aria@3.48.0
react-aria-components@1.17.0
react-circle-flags@0.0.27
react-colorful@5.6.1
react-currency-input-field@4.0.5
react-day-picker@9.14.0
react-devtools@7.0.1
react-devtools-core@7.0.1
react-dnd@16.0.1
react-dnd-html5-backend@16.0.1
react-dom@19.2.4
react-dropzone@15.0.0
react-easy-crop@5.5.7
react-hook-form@7.73.1
react-hotkeys-hook@5.2.4
react-icons@5.6.0
react-is@16.13.1
react-is@17.0.2
react-is@18.3.1
react-leaflet@5.0.0
react-markdown@10.1.0
react-phone-number-input@3.4.16
react-qr-code@2.0.18
react-redux@9.2.0
react-refresh@0.18.0
react-remove-scroll@2.7.2
react-remove-scroll-bar@2.3.8
react-resizable-panels@4.10.0
react-router@7.13.0
react-router-dom@7.13.0
react-signature-canvas@1.1.0-alpha.2
react-stately@3.46.0
react-style-singleton@2.2.3
react-syntax-highlighter@16.1.1
react-use-measure@2.1.7
react-webcam@7.2.0
readable-stream@2.3.8
readable-stream@3.6.2
readdirp@3.6.0
recharts@3.8.0
rechoir@0.8.0
reduce-configs@1.1.2
redux@4.2.1
redux@5.0.1
redux-thunk@3.1.0
reflect.getprototypeof@1.0.10
refractor@5.0.0
regenerate@1.4.2
regenerate-unicode-properties@10.2.2
regexp.prototype.flags@1.5.4
regexpu-core@6.4.0
registry-auth-token@3.4.0
registry-url@3.1.0
regjsgen@0.8.0
regjsparser@0.13.1
rehype-raw@7.0.0
relateurl@0.2.7
remark-gfm@4.0.1
remark-parse@11.0.0
remark-rehype@11.1.2
remark-stringify@11.0.0
request@2.88.2
require-directory@2.1.1
require-from-string@2.0.2
requires-port@1.0.0
reselect@5.1.1
resolve@1.22.8
resolve@1.22.12
resolve@2.0.0-next.6
resolve-alpn@1.2.1
resolve-dir@1.0.1
resolve-from@4.0.0
resolve-pkg-maps@1.0.0
resolve.exports@2.0.3
responselike@2.0.1
restore-cursor@3.1.0
reusify@1.1.0
ripemd160@2.0.3
roarr@2.15.4
rollup@2.80.0
rollup@4.60.2
rollup-plugin-inject@3.0.2
rollup-plugin-node-polyfills@0.2.1
rollup-plugin-typescript2@0.36.0
rollup-plugin-visualizer@6.0.11
rollup-pluginutils@2.8.2
rope-sequence@1.3.4
rslog@1.3.2
run-async@3.0.0
run-parallel@1.2.0
rxjs@7.8.2
safe-array-concat@1.1.4
safe-buffer@5.1.2
safe-buffer@5.2.1
safe-push-apply@1.0.0
safe-regex-test@1.1.0
safer-buffer@2.1.2
sax@1.6.0
saxes@6.0.0
scheduler@0.27.0
schema-utils@4.3.0
schema-utils@4.3.3
sdp@3.2.2
secure-compare@3.0.1
seek-bzip@2.0.0
semver@5.7.2
semver@6.3.1
semver@7.6.3
semver@7.7.4
semver-compare@1.0.0
semver-diff@2.1.0
semver-regex@4.0.5
semver-truncate@3.0.0
send@0.19.2
serialize-error@7.0.1
serialize-javascript@6.0.2
seroval@1.5.2
seroval-plugins@1.5.2
serve-static@1.16.3
set-cookie-parser@2.7.2
set-function-length@1.2.2
set-function-name@2.0.2
set-proto@1.0.0
setimmediate@1.0.5
setprototypeof@1.2.0
sha.js@2.4.12
shebang-command@2.0.0
shebang-regex@3.0.0
shell-quote@1.8.3
side-channel@1.1.0
side-channel-list@1.0.1
side-channel-map@1.0.1
side-channel-weakmap@1.0.2
siginfo@2.0.0
signal-exit@3.0.7
signal-exit@4.1.0
signature_pad@2.3.2
sirv@2.0.4
sirv@3.0.2
slash@3.0.0
smob@1.6.1
smol-toml@1.6.1
snake-case@3.0.4
socket.io@4.8.1
socket.io-adapter@2.5.6
socket.io-parser@4.2.6
sonner@2.0.7
sort-keys@1.1.2
sort-keys-length@1.0.1
sorted-array-functions@1.3.0
source-map@0.6.1
source-map@0.7.6
source-map@0.8.0-beta.0
source-map-js@1.2.1
source-map-support@0.5.19
source-map-support@0.5.21
sourcemap-codec@1.4.8
space-separated-tokens@2.0.2
split-on-first@3.0.0
sprintf-js@1.0.3
sprintf-js@1.1.3
sshpk@1.18.0
stackback@0.0.2
stats-gl@2.4.2
stats.js@0.17.0
statuses@1.5.0
statuses@2.0.1
statuses@2.0.2
std-env@4.1.0
stop-iteration-iterator@1.1.0
stream-browserify@3.0.0
stream-http@3.2.0
streamx@2.25.0
string-argv@0.3.2
string-hash@1.1.3
string-width@2.1.1
string-width@4.2.3
string.prototype.includes@2.0.1
string.prototype.matchall@4.0.12
string.prototype.repeat@1.0.0
string.prototype.trim@1.2.10
string.prototype.trimend@1.0.9
string.prototype.trimstart@1.0.8
string_decoder@1.1.1
string_decoder@1.3.0
stringify-entities@4.0.4
stringify-object@3.3.0
strip-ansi@4.0.0
strip-ansi@6.0.1
strip-bom@3.0.0
strip-comments@2.0.1
strip-dirs@3.0.0
strip-eof@1.0.0
strip-final-newline@2.0.0
strip-final-newline@3.0.0
strip-final-newline@4.0.0
strip-json-comments@2.0.1
strip-json-comments@3.1.1
strip-json-comments@5.0.3
strtok3@10.3.5
style-to-js@1.1.21
style-to-object@1.0.14
stylehacks@7.0.10
sumchecker@3.0.1
super-regex@1.1.0
supercluster@8.0.1
supports-color@5.5.0
supports-color@7.2.0
supports-color@8.1.1
supports-preserve-symlinks-flag@1.0.0
suspend-react@0.1.3
svg-parser@2.0.4
svgo@3.3.3
svgo@4.0.1
symbol-tree@3.2.4
tagged-tag@1.0.0
tailwind-merge@3.5.0
tailwindcss@4.1.13
tailwindcss@4.2.4
tailwindcss-animate@1.0.7
tapable@2.2.2
tapable@2.3.0
tapable@2.3.3
tar@7.5.13
tar-mini@0.2.0
tar-stream@2.2.0
tar-stream@3.1.7
temp-dir@2.0.0
tempy@0.6.0
term-size@1.2.0
terser@5.46.1
terser-webpack-plugin@5.4.0
text-decoder@1.2.7
thingies@2.6.0
three@0.170.0
three@0.183.2
three-mesh-bvh@0.8.3
three-stdlib@2.36.1
through@2.3.8
time-span@5.1.0
timers-browserify@2.0.12
tiny-invariant@1.3.3
tinybench@2.9.0
tinyexec@1.1.1
tinyglobby@0.2.16
tinyrainbow@3.1.0
title-case@4.3.2
tldts@7.0.28
tldts-core@7.0.28
tmp@0.2.5
to-buffer@1.2.2
to-regex-range@5.0.1
toidentifier@1.0.1
token-types@6.1.2
totalist@3.0.1
tough-cookie@2.5.0
tough-cookie@6.0.1
tr46@0.0.3
tr46@1.0.1
tr46@6.0.0
tree-dump@1.1.0
tree-kill@1.2.2
trim-canvas@0.1.2
trim-lines@3.0.1
troika-three-text@0.52.4
troika-three-utils@0.52.4
troika-worker-utils@0.52.0
trough@2.2.0
ts-api-utils@2.5.0
ts-checker-rspack-plugin@1.3.0
tsconfck@3.1.6
tsconfig-paths@3.15.0
tsconfig-paths@4.2.0
tslib@2.8.1
tsx@4.21.0
tty-browserify@0.0.1
tunnel-agent@0.6.0
tunnel-rat@0.1.2
tw-animate-css@1.4.0
tweetnacl@0.14.5
tweetnacl@1.0.3
type-check@0.4.0
type-detect@4.1.0
type-fest@0.13.1
type-fest@0.16.0
type-fest@0.21.3
type-fest@4.41.0
type-fest@5.6.0
type-is@1.6.18
typed-array-buffer@1.0.3
typed-array-byte-length@1.0.3
typed-array-byte-offset@1.0.4
typed-array-length@1.0.7
typescript@5.9.3
typescript@6.0.3
typescript-eslint@8.59.0
ufo@1.6.3
uglify-js@3.19.3
uint8array-extras@1.5.0
unbash@2.2.0
unbox-primitive@1.1.0
unbzip2-stream@1.4.3
unc-path-regex@0.1.2
undici@7.24.7
undici@7.25.0
undici-types@6.21.0
undici-types@7.19.2
unhead@2.1.13
unicode-canonical-property-names-ecmascript@2.0.1
unicode-match-property-ecmascript@2.0.0
unicode-match-property-value-ecmascript@2.2.1
unicode-property-aliases-ecmascript@2.2.0
unicorn-magic@0.3.0
unified@11.0.5
union@0.5.0
unique-string@1.0.0
unique-string@2.0.0
unist-util-is@6.0.1
unist-util-position@5.0.0
unist-util-stringify-position@4.0.0
unist-util-visit@5.1.0
unist-util-visit-parents@6.0.2
universalify@0.1.2
universalify@2.0.1
unpipe@1.0.0
unplugin@2.3.11
unplugin@3.0.0
unplugin-ast@0.16.0
upath@1.2.0
upath@2.0.1
update-browserslist-db@1.2.3
update-notifier@2.5.0
uri-js@4.4.1
url@0.11.4
url-join@4.0.1
use-callback-ref@1.3.3
use-sidecar@1.1.3
use-sync-external-store@1.6.0
util@0.12.5
util-deprecate@1.0.2
utility-types@3.11.0
utils-merge@1.0.1
uuid@3.4.0
uuid@10.0.0
uzip@0.20201231.0
v8flags@4.0.1
vary@1.1.2
vaul@1.1.2
verror@1.10.0
vfile@6.0.3
vfile-location@5.0.3
vfile-message@4.0.3
victory-vendor@37.3.6
vite@7.3.2
vite-plugin-compression2@2.5.3
vite-plugin-dts@4.5.4
vite-plugin-manifest-sri@0.2.0
vite-plugin-node-polyfills@0.25.0
vite-plugin-pwa@1.2.0
vite-plugin-sitemap@0.8.2
vite-plugin-top-level-await@1.6.0
vite-plugin-wasm@3.6.0
vite-ssg@28.3.0
vite-tsconfig-paths@6.1.1
vitest@4.1.5
vm-browserify@1.1.2
vscode-uri@3.1.0
vue@3.5.33
w3c-keyname@2.2.8
w3c-xmlserializer@5.0.0
walk-up-path@4.0.0
watchpack@2.5.1
wcwidth@1.0.1
web-namespaces@2.0.1
web-worker@1.5.0
webgl-constants@1.1.1
webgl-sdf-generator@1.1.1
webidl-conversions@3.0.1
webidl-conversions@4.0.2
webidl-conversions@8.0.1
webpack@5.106.2
webpack-sources@3.3.4
webpack-virtual-modules@0.6.2
webrtc-adapter@9.0.3
webworkify@1.5.0
whatwg-encoding@2.0.0
whatwg-mimetype@5.0.0
whatwg-url@5.0.0
whatwg-url@7.1.0
whatwg-url@16.0.1
which@1.3.1
which@2.0.2
which-boxed-primitive@1.1.1
which-builtin-type@1.2.1
which-collection@1.0.2
which-typed-array@1.1.20
why-is-node-running@2.3.0
widest-line@2.0.1
word-wrap@1.2.5
wordwrap@1.0.0
workbox-background-sync@7.4.0
workbox-broadcast-update@7.4.0
workbox-build@7.4.0
workbox-cacheable-response@7.4.0
workbox-core@7.4.0
workbox-expiration@7.4.0
workbox-google-analytics@7.4.0
workbox-navigation-preload@7.4.0
workbox-precaching@7.4.0
workbox-range-requests@7.4.0
workbox-recipes@7.4.0
workbox-routing@7.4.0
workbox-strategies@7.4.0
workbox-streams@7.4.0
workbox-sw@7.4.0
workbox-window@7.4.0
wrap-ansi@6.2.0
wrap-ansi@7.0.0
wrappy@1.0.2
write-file-atomic@2.4.3
ws@7.5.10
ws@8.18.0
ws@8.18.3
xdg-basedir@3.0.0
xml-name-validator@5.0.0
xmlchars@2.2.0
xtend@4.0.2
y18n@5.0.8
yallist@3.1.1
yallist@5.0.0
yaml@1.10.3
yaml@2.8.3
yargs@17.7.2
yargs-parser@21.1.1
yauzl@2.10.0
yauzl@3.3.0
yocto-queue@0.1.0
yoctocolors@2.1.2
yoctocolors-cjs@2.1.3
zod@3.25.76
zod@4.3.6
zod-validation-error@4.0.2
zustand@4.5.7
zustand@5.0.12
zwitch@2.0.4
zxing-wasm@2.2.4
-- END HASH--

[0m[32m+[0m [1m@babel/core[0m[2m@7.29.0[0m
[0m[32m+[0m [1m@babel/preset-react[0m[2m@7.28.5[0m
[0m[32m+[0m [1m@esbuild-plugins/node-globals-polyfill[0m[2m@0.2.3[0m
[0m[32m+[0m [1m@eslint/js[0m[2m@9.39.4[0m [2m([34mv10.0.1 available[0m[2m)[0m
[0m[32m+[0m [1m@lynx-js/preact-devtools[0m[2m@5.0.1[0m
[0m[32m+[0m [1m@lynx-js/qrcode-rsbuild-plugin[0m[2m@0.4.6[0m
[0m[32m+[0m [1m@lynx-js/react-rsbuild-plugin[0m[2m@0.12.10[0m [2m([34mv0.16.0 available[0m[2m)[0m
[0m[32m+[0m [1m@lynx-js/rspeedy[0m[2m@0.13.6[0m [2m([34mv0.14.2 available[0m[2m)[0m
[0m[32m+[0m [1m@lynx-js/types[0m[2m@3.7.0[0m
[0m[32m+[0m [1m@nx/devkit[0m[2m@22.6.5[0m
[0m[32m+[0m [1m@nx/eslint[0m[2m@22.6.5[0m
[0m[32m+[0m [1m@nx/eslint-plugin[0m[2m@22.6.5[0m
[0m[32m+[0m [1m@nx/js[0m[2m@22.6.5[0m
[0m[32m+[0m [1m@nx/playwright[0m[2m@22.6.5[0m
[0m[32m+[0m [1m@nx/react[0m[2m@22.6.5[0m
[0m[32m+[0m [1m@nx/vite[0m[2m@22.6.5[0m
[0m[32m+[0m [1m@nx/vitest[0m[2m@22.6.5[0m
[0m[32m+[0m [1m@nx/web[0m[2m@22.6.5[0m
[0m[32m+[0m [1m@nx/workspace[0m[2m@22.6.5[0m
[0m[32m+[0m [1m@playwright/test[0m[2m@1.59.1[0m
[0m[32m+[0m [1m@rsbuild/plugin-type-check[0m[2m@1.3.3[0m
[0m[32m+[0m [1m@swc-node/register[0m[2m@1.11.1[0m
[0m[32m+[0m [1m@swc/cli[0m[2m@0.8.1[0m
[0m[32m+[0m [1m@swc/core[0m[2m@1.15.30[0m
[0m[32m+[0m [1m@swc/helpers[0m[2m@0.5.21[0m
[0m[32m+[0m [1m@tailwindcss/postcss[0m[2m@4.1.13[0m
[0m[32m+[0m [1m@tanstack/router-plugin[0m[2m@1.167.22[0m
[0m[32m+[0m [1m@testing-library/dom[0m[2m@10.4.0[0m
[0m[32m+[0m [1m@testing-library/react[0m[2m@16.3.0[0m
[0m[32m+[0m [1m@trivago/prettier-plugin-sort-imports[0m[2m@6.0.2[0m
[0m[32m+[0m [1m@types/lodash-es[0m[2m@4.17.12[0m
[0m[32m+[0m [1m@types/pica[0m[2m@9.0.5[0m
[0m[32m+[0m [1m@types/react-dom[0m[2m@19.2.3[0m
[0m[32m+[0m [1m@types/react-signature-canvas[0m[2m@1.0.7[0m
[0m[32m+[0m [1m@types/three[0m[2m@0.183.1[0m [2m([34mv0.184.0 available[0m[2m)[0m
[0m[32m+[0m [1m@unhead/addons[0m[2m@2.1.13[0m [2m([34mv3.0.5 available[0m[2m)[0m
[0m[32m+[0m [1m@vitejs/plugin-react[0m[2m@5.2.0[0m [2m([34mv6.0.1 available[0m[2m)[0m
[0m[32m+[0m [1m@vitejs/plugin-react-swc[0m[2m@3.11.0[0m [2m([34mv4.3.0 available[0m[2m)[0m
[0m[32m+[0m [1m@vitest/coverage-v8[0m[2m@4.1.5[0m
[0m[32m+[0m [1m@vitest/ui[0m[2m@4.1.5[0m
[0m[32m+[0m [1majv[0m[2m@8.18.0[0m
[0m[32m+[0m [1mautoprefixer[0m[2m@10.5.0[0m
[0m[32m+[0m [1meslint[0m[2m@9.39.4[0m
[0m[32m+[0m [1meslint-config-prettier[0m[2m@10.1.8[0m
[0m[32m+[0m [1meslint-plugin-import[0m[2m@2.32.0[0m
[0m[32m+[0m [1meslint-plugin-jsx-a11y[0m[2m@6.10.2[0m
[0m[32m+[0m [1meslint-plugin-perfectionist[0m[2m@5.9.0[0m
[0m[32m+[0m [1meslint-plugin-playwright[0m[2m@2.10.2[0m
[0m[32m+[0m [1meslint-plugin-react[0m[2m@7.37.5[0m
[0m[32m+[0m [1meslint-plugin-react-hooks[0m[2m@7.0.1[0m
[0m[32m+[0m [1meslint-plugin-react-refresh[0m[2m@0.5.2[0m
[0m[32m+[0m [1mglobals[0m[2m@16.5.0[0m [2m([34mv17.5.0 available[0m[2m)[0m
[0m[32m+[0m [1minstall[0m[2m@0.13.0[0m
[0m[32m+[0m [1mjiti[0m[2m@2.6.1[0m
[0m[32m+[0m [1mjsonc-eslint-parser[0m[2m@3.1.0[0m
[0m[32m+[0m [1mknip[0m[2m@5.88.1[0m [2m([34mv6.6.1 available[0m[2m)[0m
[0m[32m+[0m [1mnx[0m[2m@22.6.5[0m
[0m[32m+[0m [1mplop[0m[2m@4.0.5[0m
[0m[32m+[0m [1mpostcss[0m[2m@8.5.10[0m
[0m[32m+[0m [1mprettier[0m[2m@3.8.3[0m
[0m[32m+[0m [1mprettier-plugin-tailwindcss[0m[2m@0.7.2[0m
[0m[32m+[0m [1mreact-devtools[0m[2m@7.0.1[0m
[0m[32m+[0m [1mrollup-plugin-node-polyfills[0m[2m@0.2.1[0m
[0m[32m+[0m [1mrollup-plugin-visualizer[0m[2m@6.0.11[0m [2m([34mv7.0.1 available[0m[2m)[0m
[0m[32m+[0m [1mtailwindcss[0m[2m@4.1.13[0m
[0m[32m+[0m [1mtslib[0m[2m@2.8.1[0m
[0m[32m+[0m [1mtypescript[0m[2m@6.0.3[0m
[0m[32m+[0m [1mtypescript-eslint[0m[2m@8.59.0[0m
[0m[32m+[0m [1mvite[0m[2m@7.3.2[0m [2m([34mv8.0.9 available[0m[2m)[0m
[0m[32m+[0m [1mvite-plugin-compression2[0m[2m@2.5.3[0m
[0m[32m+[0m [1mvite-plugin-dts[0m[2m@4.5.4[0m
[0m[32m+[0m [1mvite-plugin-manifest-sri[0m[2m@0.2.0[0m
[0m[32m+[0m [1mvite-plugin-sitemap[0m[2m@0.8.2[0m
[0m[32m+[0m [1mvite-plugin-top-level-await[0m[2m@1.6.0[0m
[0m[32m+[0m [1mvite-plugin-wasm[0m[2m@3.6.0[0m
[0m[32m+[0m [1mvite-tsconfig-paths[0m[2m@6.1.1[0m
[0m[32m+[0m [1mvitest[0m[2m@4.1.5[0m
[0m[32m+[0m [1m@base-ui/react[0m[2m@1.4.1[0m
[0m[32m+[0m [1m@dnd-kit/core[0m[2m@6.3.1[0m
[0m[32m+[0m [1m@dnd-kit/modifiers[0m[2m@9.0.0[0m
[0m[32m+[0m [1m@dnd-kit/sortable[0m[2m@10.0.0[0m
[0m[32m+[0m [1m@dnd-kit/utilities[0m[2m@3.2.2[0m
[0m[32m+[0m [1m@eslint/plugin-kit[0m[2m@0.6.1[0m [2m([34mv0.7.1 available[0m[2m)[0m
[0m[32m+[0m [1m@fvilers/disable-react-devtools[0m[2m@1.3.0[0m
[0m[32m+[0m [1m@hookform/resolvers[0m[2m@5.2.2[0m
[0m[32m+[0m [1m@internationalized/date[0m[2m@3.12.1[0m
[0m[32m+[0m [1m@jsquash/jpeg[0m[2m@1.6.0[0m
[0m[32m+[0m [1m@jsquash/resize[0m[2m@2.1.1[0m
[0m[32m+[0m [1m@lynx-js/react[0m[2m@0.116.5[0m [2m([34mv0.119.0 available[0m[2m)[0m
[0m[32m+[0m [1m@radix-ui/react-accordion[0m[2m@1.2.12[0m
[0m[32m+[0m [1m@radix-ui/react-aspect-ratio[0m[2m@1.1.8[0m
[0m[32m+[0m [1m@radix-ui/react-avatar[0m[2m@1.1.11[0m
[0m[32m+[0m [1m@radix-ui/react-checkbox[0m[2m@1.3.3[0m
[0m[32m+[0m [1m@radix-ui/react-collapsible[0m[2m@1.1.12[0m
[0m[32m+[0m [1m@radix-ui/react-context-menu[0m[2m@2.2.16[0m
[0m[32m+[0m [1m@radix-ui/react-dialog[0m[2m@1.1.15[0m
[0m[32m+[0m [1m@radix-ui/react-dropdown-menu[0m[2m@2.1.16[0m
[0m[32m+[0m [1m@radix-ui/react-hover-card[0m[2m@1.1.15[0m
[0m[32m+[0m [1m@radix-ui/react-label[0m[2m@2.1.8[0m
[0m[32m+[0m [1m@radix-ui/react-popover[0m[2m@1.1.15[0m
[0m[32m+[0m [1m@radix-ui/react-progress[0m[2m@1.1.8[0m
[0m[32m+[0m [1m@radix-ui/react-radio-group[0m[2m@1.3.8[0m
[0m[32m+[0m [1m@radix-ui/react-scroll-area[0m[2m@1.2.10[0m
[0m[32m+[0m [1m@radix-ui/react-select[0m[2m@2.2.6[0m
[0m[32m+[0m [1m@radix-ui/react-separator[0m[2m@1.1.8[0m
[0m[32m+[0m [1m@radix-ui/react-slider[0m[2m@1.3.6[0m
[0m[32m+[0m [1m@radix-ui/react-slot[0m[2m@1.2.4[0m
[0m[32m+[0m [1m@radix-ui/react-switch[0m[2m@1.2.6[0m
[0m[32m+[0m [1m@radix-ui/react-tabs[0m[2m@1.1.13[0m
[0m[32m+[0m [1m@radix-ui/react-toggle[0m[2m@1.1.10[0m
[0m[32m+[0m [1m@radix-ui/react-toggle-group[0m[2m@1.1.11[0m
[0m[32m+[0m [1m@radix-ui/react-tooltip[0m[2m@1.2.8[0m
[0m[32m+[0m [1m@react-google-maps/api[0m[2m@2.20.8[0m
[0m[32m+[0m [1m@react-three/drei[0m[2m@10.7.7[0m
[0m[32m+[0m [1m@react-three/fiber[0m[2m@9.6.0[0m
[0m[32m+[0m [1m@tailwindcss/typography[0m[2m@0.5.19[0m
[0m[32m+[0m [1m@tailwindcss/vite[0m[2m@4.2.4[0m
[0m[32m+[0m [1m@tanstack/react-location[0m[2m@3.7.4[0m
[0m[32m+[0m [1m@tanstack/react-query[0m[2m@5.99.2[0m
[0m[32m+[0m [1m@tanstack/react-query-devtools[0m[2m@5.99.2[0m
[0m[32m+[0m [1m@tanstack/react-router[0m[2m@1.168.23[0m
[0m[32m+[0m [1m@tanstack/react-router-devtools[0m[2m@1.166.13[0m
[0m[32m+[0m [1m@tanstack/react-table[0m[2m@8.21.3[0m
[0m[32m+[0m [1m@tanstack/react-virtual[0m[2m@3.13.24[0m
[0m[32m+[0m [1m@tanstack/router-zod-adapter[0m[2m@1.81.5[0m
[0m[32m+[0m [1m@tanstack/zod-adapter[0m[2m@1.166.9[0m
[0m[32m+[0m [1m@tiptap/extension-placeholder[0m[2m@3.22.4[0m
[0m[32m+[0m [1m@tiptap/pm[0m[2m@3.22.4[0m
[0m[32m+[0m [1m@tiptap/react[0m[2m@3.22.4[0m
[0m[32m+[0m [1m@tiptap/starter-kit[0m[2m@3.22.4[0m
[0m[32m+[0m [1m@types/js-cookie[0m[2m@3.0.6[0m
[0m[32m+[0m [1m@types/leaflet[0m[2m@1.9.21[0m
[0m[32m+[0m [1m@types/minimatch[0m[2m@6.0.0[0m
[0m[32m+[0m [1m@types/node[0m[2m@25.6.0[0m
[0m[32m+[0m [1m@types/qs[0m[2m@6.15.0[0m
[0m[32m+[0m [1m@types/react[0m[2m@19.2.14[0m
[0m[32m+[0m [1m@types/react-day-picker[0m[2m@5.3.0[0m
[0m[32m+[0m [1m@types/react-syntax-highlighter[0m[2m@15.5.13[0m
[0m[32m+[0m [1m@typescript-eslint/eslint-plugin[0m[2m@8.59.0[0m
[0m[32m+[0m [1m@typescript-eslint/parser[0m[2m@8.59.0[0m
[0m[32m+[0m [1m@yudiel/react-qr-scanner[0m[2m@2.5.1[0m
[0m[32m+[0m [1maxios[0m[2m@1.15.2[0m
[0m[32m+[0m [1mbrowser-image-compression[0m[2m@2.0.2[0m
[0m[32m+[0m [1mclass-variance-authority[0m[2m@0.7.1[0m
[0m[32m+[0m [1mclsx[0m[2m@2.1.1[0m
[0m[32m+[0m [1mcmdk[0m[2m@1.1.1[0m
[0m[32m+[0m [1mcountry-data-list[0m[2m@1.6.2[0m
[0m[32m+[0m [1mcrypto-browserify[0m[2m@3.12.1[0m
[0m[32m+[0m [1mdate-fns[0m[2m@4.1.0[0m
[0m[32m+[0m [1mdate-fns-tz[0m[2m@3.2.0[0m
[0m[32m+[0m [1mdetectincognitojs[0m[2m@1.6.2[0m
[0m[32m+[0m [1mdompurify[0m[2m@3.4.1[0m
[0m[32m+[0m [1membla-carousel-react[0m[2m@8.6.0[0m
[0m[32m+[0m [1mfuse.js[0m[2m@7.3.0[0m
[0m[32m+[0m [1mhandlebars[0m[2m@4.7.9[0m
[0m[32m+[0m [1mhast[0m[2m@1.0.0[0m
[0m[32m+[0m [1mhtml-to-image[0m[2m@1.11.13[0m
[0m[32m+[0m [1minput-otp[0m[2m@1.4.2[0m
[0m[32m+[0m [1misomorphic-dompurify[0m[2m@3.9.0[0m
[0m[32m+[0m [1mjs-cookie[0m[2m@3.0.5[0m
[0m[32m+[0m [1mjsdom[0m[2m@28.1.0[0m [2m([34mv29.0.2 available[0m[2m)[0m
[0m[32m+[0m [1mleaflet[0m[2m@1.9.4[0m
[0m[32m+[0m [1mlodash-es[0m[2m@4.18.1[0m
[0m[32m+[0m [1mloglevel[0m[2m@1.9.2[0m
[0m[32m+[0m [1mlucide-react[0m[2m@0.575.0[0m [2m([34mv1.8.0 available[0m[2m)[0m
[0m[32m+[0m [1mminimatch[0m[2m@10.2.5[0m
[0m[32m+[0m [1mmotion[0m[2m@12.38.0[0m
[0m[32m+[0m [1mnats.ws[0m[2m@1.30.3[0m
[0m[32m+[0m [1mnext-themes[0m[2m@0.4.6[0m
[0m[32m+[0m [1mpica[0m[2m@9.0.1[0m
[0m[32m+[0m [1mpico[0m[2m@0.1.17[0m
[0m[32m+[0m [1mpostcss-loader[0m[2m@8.2.1[0m
[0m[32m+[0m [1mpusher-js[0m[2m@8.5.0[0m
[0m[32m+[0m [1mqrcode.react[0m[2m@4.2.0[0m
[0m[32m+[0m [1mquery-string[0m[2m@9.3.1[0m
[0m[32m+[0m [1mradix-ui[0m[2m@1.4.3[0m
[0m[32m+[0m [1mreact[0m[2m@19.2.4[0m
[0m[32m+[0m [1mreact-aria-components[0m[2m@1.17.0[0m
[0m[32m+[0m [1mreact-circle-flags[0m[2m@0.0.27[0m [2m([34mv0.0.29 available[0m[2m)[0m
[0m[32m+[0m [1mreact-colorful[0m[2m@5.6.1[0m
[0m[32m+[0m [1mreact-currency-input-field[0m[2m@4.0.5[0m
[0m[32m+[0m [1mreact-day-picker[0m[2m@9.14.0[0m
[0m[32m+[0m [1mreact-dnd[0m[2m@16.0.1[0m
[0m[32m+[0m [1mreact-dnd-html5-backend[0m[2m@16.0.1[0m
[0m[32m+[0m [1mreact-dom[0m[2m@19.2.4[0m
[0m[32m+[0m [1mreact-dropzone[0m[2m@15.0.0[0m
[0m[32m+[0m [1mreact-easy-crop[0m[2m@5.5.7[0m
[0m[32m+[0m [1mreact-hook-form[0m[2m@7.73.1[0m
[0m[32m+[0m [1mreact-hotkeys-hook[0m[2m@5.2.4[0m
[0m[32m+[0m [1mreact-icons[0m[2m@5.6.0[0m
[0m[32m+[0m [1mreact-leaflet[0m[2m@5.0.0[0m
[0m[32m+[0m [1mreact-markdown[0m[2m@10.1.0[0m
[0m[32m+[0m [1mreact-phone-number-input[0m[2m@3.4.16[0m
[0m[32m+[0m [1mreact-qr-code[0m[2m@2.0.18[0m
[0m[32m+[0m [1mreact-resizable-panels[0m[2m@4.10.0[0m
[0m[32m+[0m [1mreact-router-dom[0m[2m@7.13.0[0m
[0m[32m+[0m [1mreact-signature-canvas[0m[2m@1.1.0-alpha.2[0m
[0m[32m+[0m [1mreact-syntax-highlighter[0m[2m@16.1.1[0m
[0m[32m+[0m [1mreact-webcam[0m[2m@7.2.0[0m
[0m[32m+[0m [1mrecharts[0m[2m@3.8.0[0m
[0m[32m+[0m [1mrehype-raw[0m[2m@7.0.0[0m
[0m[32m+[0m [1mremark-gfm[0m[2m@4.0.1[0m
[0m[32m+[0m [1msonner[0m[2m@2.0.7[0m
[0m[32m+[0m [1mstream-browserify[0m[2m@3.0.0[0m
[0m[32m+[0m [1mtailwind-merge[0m[2m@3.5.0[0m
[0m[32m+[0m [1mtailwindcss-animate[0m[2m@1.0.7[0m
[0m[32m+[0m [1mthree[0m[2m@0.183.2[0m [2m([34mv0.184.0 available[0m[2m)[0m
[0m[32m+[0m [1mtw-animate-css[0m[2m@1.4.0[0m
[0m[32m+[0m [1munhead[0m[2m@2.1.13[0m [2m([34mv3.0.5 available[0m[2m)[0m
[0m[32m+[0m [1mvaul[0m[2m@1.1.2[0m
[0m[32m+[0m [1mvite-plugin-node-polyfills[0m[2m@0.25.0[0m [2m([34mv0.26.0 available[0m[2m)[0m
[0m[32m+[0m [1mvite-plugin-pwa[0m[2m@1.2.0[0m
[0m[32m+[0m [1mvite-ssg[0m[2m@28.3.0[0m
[0m[32m+[0m [1mvm-browserify[0m[2m@1.1.2[0m
[0m[32m+[0m [1mzod[0m[2m@4.3.6[0m
[0m[32m+[0m [1mzustand[0m[2m@5.0.12[0m

[32m2184[0m packages[0m installed [0m[2m[[1m116.49s[0m[2m][0m

[2mBlocked 3 postinstalls. Run `bun pm untrusted` for details.[0m
